<html>
<body>
<pre>
<h1>µVision Build Log</h1>
<h2>Tool Versions:</h2>
IDE-Version: ¦ÌVision V5.14.0.0
Copyright (C) 2015 ARM Ltd and ARM Germany GmbH. All rights reserved.
License Information: weer assdf, qwerty, LIC=MGXHL-0JP04-4ABDE-56H4B-TC5LU-6UJ4E
 
Tool Versions:
Toolchain:       MDK-ARM Professional  Version: 5.14.0.0
Toolchain Path:  C:\keil\ARM\ARMCC\Bin
C Compiler:      Armcc.exe V5.05 update 1 (build 106)
Assembler:       Armasm.exe V5.05 update 1 (build 106)
Linker/Locator:  ArmLink.exe V5.05 update 1 (build 106)
Library Manager: ArmAr.exe V5.05 update 1 (build 106)
Hex Converter:   FromElf.exe V5.05 update 1 (build 106)
CPU DLL:         SARMCM3.DLL V5.14.0.0
Dialog DLL:      DCM.DLL V1.13.1.0
Target DLL:      UL2CM3.DLL V1.155.0.0
Dialog DLL:      TCM.DLL V1.14.4.0
 
<h2>Project:</h2>
E:\ZLF-InterchangeableCertificateLine\Software\InterchangebleCertificateLine-UCOSII-F407V0.2.0\Project\InterchangebleCertificateLine-UCOSII-F407V0.2.0.uvprojx
Project File Date:  03/18/2020

<h2>Output:</h2>
Build target 'Target 1'
compiling main.c...
..\SourceFile\System\main.c(280): warning:  #177-D: variable "aTxBuffer" was declared but never referenced
        uint8_t aTxBuffer[256];
..\SourceFile\System\main.c(281): warning:  #177-D: variable "tempRead" was declared but never referenced
        int16_t tempRead;
..\SourceFile\System\main.c(282): warning:  #177-D: variable "tempChoose" was declared but never referenced
        static u8 tempChoose = W1;
..\SourceFile\System\main.c: 3 warnings, 0 errors
linking...
Program Size: Code=37352 RO-data=872 RW-data=1264 ZI-data=21952  
".\Objects\InterchangebleCertificateLine-UCOSII-F407V0.2.0" - 0 Error(s), 3 Warning(s).

<h2>Collection of Component include folders:</h2>
  E:\ZLF-InterchangeableCertificateLine\Software\InterchangebleCertificateLine-UCOSII-F407V0.2.0\Project\RTE
  C:\keil\ARM\PACK\Keil\STM32F4xx_DFP\2.11.0

<h2>Collection of Component Files used:</h2>
</pre>
</body>
</html>
