Component: ARM Compiler 5.05 update 1 (build 106) Tool: armlink [4d0efa]

==============================================================================

Section Cross References

    runcutmachine.o(i.CutMachineSpecialHandle) refers to bsp_stepmotor.o(i.STEPMOTOR_CerAxisMoveRel_CutTim9) for STEPMOTOR_CerAxisMoveRel_CutTim9
    runcutmachine.o(i.CutMachineSpecialHandle) refers to ram.o(.data) for SignCutMachineFront
    runcutmachine.o(i.CutMachineSpecialHandle) refers to runcutmachine.o(.data) for needCutting_Status
    runcutmachine.o(i.CutMachineSpecialHandle) refers to main.o(.data) for Machine_Status
    runcutmachine.o(i.StopCutMem) refers to bsp_stepmotor.o(.data) for listCutStepStopCmd
    runcutmachine.o(i.continuousCutMem) refers to bsp_stepmotor.o(i.STEPMOTOR_CerAxisMoveRel_CutTim9) for STEPMOTOR_CerAxisMoveRel_CutTim9
    runcutmachine.o(i.continuousCutMem) refers to bsp_stepmotor.o(.data) for cerCutMotionStatus
    runcutmachine.o(i.controlCutMachine) refers to main.o(.data) for Machine_Status
    runcutmachine.o(i.controlCutMachine) refers to runcutmachine.o(.data) for Syncs_Status
    runcutmachine.o(i.controlCutMachineSpeed) refers to bsp_stepmotor.o(i.STEPMOTOR_CerAxisMoveRel_CutTim9) for STEPMOTOR_CerAxisMoveRel_CutTim9
    runcutmachine.o(i.controlCutMachineSpeed) refers to ram.o(.data) for SignCutMachineFront
    runcutmachine.o(i.controlCutMachineSpeed) refers to runcutmachine.o(.data) for Syncs_Status
    runcutmachine.o(i.manualCutMem) refers to bsp_stepmotor.o(i.STEPMOTOR_CerAxisMoveRel_CutTim9) for STEPMOTOR_CerAxisMoveRel_CutTim9
    runcutmachine.o(i.manualCutMem) refers to bsp_stepmotor.o(.data) for cerCutMotionStatus
    runcutmachine.o(i.runChamferPostionSensor) refers to ram.o(.data) for SignCutChamferPostion
    runcutmachine.o(i.runChamferPostionSensor) refers to runcutmachine.o(.data) for PostionSensor_Status
    runcutmachine.o(i.runCutFlasmPostionSensor) refers to ram.o(.data) for SignCutFlotasmPostion
    runcutmachine.o(i.runCutFlasmPostionSensor) refers to runcutmachine.o(.data) for CutFlasmPostionSensor_Status
    runcutmachine.o(i.runCutMachine) refers to runcutmachine.o(i.controlCutMachineSpeed) for controlCutMachineSpeed
    runcutmachine.o(i.runCutMachine) refers to runcutmachine.o(i.CutMachineSpecialHandle) for CutMachineSpecialHandle
    runcutmachine.o(i.runCutMachine) refers to motor.o(i.controlFlotasmCutMotor) for controlFlotasmCutMotor
    runcutmachine.o(i.runCutMachine) refers to motor.o(i.readFlotasmCutMotor) for readFlotasmCutMotor
    runcutmachine.o(i.runCutMachine) refers to printfa.o(i.__0printf) for __2printf
    runcutmachine.o(i.runCutMachine) refers to steplinkedlist.o(i.pushBack) for pushBack
    runcutmachine.o(i.runCutMachine) refers to steplinkedlist.o(i.showList) for showList
    runcutmachine.o(i.runCutMachine) refers to steplinkedlist.o(i.popFront) for popFront
    runcutmachine.o(i.runCutMachine) refers to motor.o(i.runFlotasmCutMotor) for runFlotasmCutMotor
    runcutmachine.o(i.runCutMachine) refers to runcutmachine.o(i.runCutFlasmPostionSensor) for runCutFlasmPostionSensor
    runcutmachine.o(i.runCutMachine) refers to bsp_sensor.o(i.signalStability) for signalStability
    runcutmachine.o(i.runCutMachine) refers to bsp_stepmotor.o(.data) for cerMotionStatus
    runcutmachine.o(i.runCutMachine) refers to runcutmachine.o(.data) for needCutting_Status
    runcutmachine.o(i.runCutMachine) refers to ram.o(.bss) for CutStepList
    runcutmachine.o(i.runCutMachine) refers to runpagingmachine.o(.data) for machinePaperCount
    runcutmachine.o(i.runCutMachine) refers to bsp_sensor.o(i.sensorCutFlotasmPostion) for sensorCutFlotasmPostion
    runcutmachine.o(i.runCutMachine) refers to ram.o(.data) for SignCutFlotasmPostion
    runcutmachine.o(i.runCutMachine) refers to bsp_sensor.o(i.sensorCutLeftFlotasm) for sensorCutLeftFlotasm
    runcutmachine.o(i.runCutMachine) refers to bsp_sensor.o(i.sensorCutRightFlotasm) for sensorCutRightFlotasm
    runcutmachine.o(i.runCutMachine) refers to bsp_sensor.o(i.sensorCutMachineFront) for sensorCutMachineFront
    runcutmachine.o(i.runCutMachine) refers to bsp_sensor.o(i.sensorCutMachineBehind) for sensorCutMachineBehind
    runpagingmachine.o(i.closePagingMachine) refers to motor.o(i.controlPagingConveyerMotor) for controlPagingConveyerMotor
    runpagingmachine.o(i.closePagingMachine) refers to motor.o(i.controlHobMotor) for controlHobMotor
    runpagingmachine.o(i.closePagingMachine) refers to runpagingmachine.o(i.closeRollerPaper) for closeRollerPaper
    runpagingmachine.o(i.closePagingMachine) refers to ram.o(.bss) for PagingMachine
    runpagingmachine.o(i.closeRollerPaper) refers to bsp_stepmotor.o(.data) for listStopCmd
    runpagingmachine.o(i.continuousPlasticMem) refers to bsp_stepmotor.o(i.STEPMOTOR_CerAxisMoveRel) for STEPMOTOR_CerAxisMoveRel
    runpagingmachine.o(i.continuousPlasticMem) refers to bsp_stepmotor.o(.data) for cerMotionStatus
[...]
    CAN2_RX1_IRQHandler                      0x080001b7   Thumb Code     0  startup_stm32f407xx.o(.text)
    CAN2_SCE_IRQHandler                      0x080001b7   Thumb Code     0  startup_stm32f407xx.o(.text)
    CAN2_TX_IRQHandler                       0x080001b7   Thumb Code     0  startup_stm32f407xx.o(.text)
    DCMI_IRQHandler                          0x080001b7   Thumb Code     0  startup_stm32f407xx.o(.text)
    DMA1_Stream0_IRQHandler                  0x080001b7   Thumb Code     0  startup_stm32f407xx.o(.text)
    DMA1_Stream1_IRQHandler                  0x080001b7   Thumb Code     0  startup_stm32f407xx.o(.text)
    DMA1_Stream2_IRQHandler                  0x080001b7   Thumb Code     0  startup_stm32f407xx.o(.text)
    DMA1_Stream3_IRQHandler                  0x080001b7   Thumb Code     0  startup_stm32f407xx.o(.text)
    DMA1_Stream4_IRQHandler                  0x080001b7   Thumb Code     0  startup_stm32f407xx.o(.text)
    DMA1_Stream5_IRQHandler                  0x080001b7   Thumb Code     0  startup_stm32f407xx.o(.text)
    DMA1_Stream7_IRQHandler                  0x080001b7   Thumb Code     0  startup_stm32f407xx.o(.text)
    DMA2_Stream0_IRQHandler                  0x080001b7   Thumb Code     0  startup_stm32f407xx.o(.text)
    DMA2_Stream1_IRQHandler                  0x080001b7   Thumb Code     0  startup_stm32f407xx.o(.text)
    DMA2_Stream2_IRQHandler                  0x080001b7   Thumb Code     0  startup_stm32f407xx.o(.text)
    DMA2_Stream3_IRQHandler                  0x080001b7   Thumb Code     0  startup_stm32f407xx.o(.text)
    DMA2_Stream4_IRQHandler                  0x080001b7   Thumb Code     0  startup_stm32f407xx.o(.text)
    DMA2_Stream5_IRQHandler                  0x080001b7   Thumb Code     0  startup_stm32f407xx.o(.text)
    DMA2_Stream6_IRQHandler                  0x080001b7   Thumb Code     0  startup_stm32f407xx.o(.text)
    DMA2_Stream7_IRQHandler                  0x080001b7   Thumb Code     0  startup_stm32f407xx.o(.text)
    ETH_IRQHandler                           0x080001b7   Thumb Code     0  startup_stm32f407xx.o(.text)
    ETH_WKUP_IRQHandler                      0x080001b7   Thumb Code     0  startup_stm32f407xx.o(.text)
    EXTI0_IRQHandler                         0x080001b7   Thumb Code     0  startup_stm32f407xx.o(.text)
    EXTI15_10_IRQHandler                     0x080001b7   Thumb Code     0  startup_stm32f407xx.o(.text)
    EXTI1_IRQHandler                         0x080001b7   Thumb Code     0  startup_stm32f407xx.o(.text)
    EXTI2_IRQHandler                         0x080001b7   Thumb Code     0  startup_stm32f407xx.o(.text)
    EXTI3_IRQHandler                         0x080001b7   Thumb Code     0  startup_stm32f407xx.o(.text)
    EXTI4_IRQHandler                         0x080001b7   Thumb Code     0  startup_stm32f407xx.o(.text)
    EXTI9_5_IRQHandler                       0x080001b7   Thumb Code     0  startup_stm32f407xx.o(.text)
    FLASH_IRQHandler                         0x080001b7   Thumb Code     0  startup_stm32f407xx.o(.text)
    FMC_IRQHandler                           0x080001b7   Thumb Code     0  startup_stm32f407xx.o(.text)
    FPU_IRQHandler                           0x080001b7   Thumb Code     0  startup_stm32f407xx.o(.text)
    HASH_RNG_IRQHandler                      0x080001b7   Thumb Code     0  startup_stm32f407xx.o(.text)
    I2C1_ER_IRQHandler                       0x080001b7   Thumb Code     0  startup_stm32f407xx.o(.text)
    I2C1_EV_IRQHandler                       0x080001b7   Thumb Code     0  startup_stm32f407xx.o(.text)
    I2C2_ER_IRQHandler                       0x080001b7   Thumb Code     0  startup_stm32f407xx.o(.text)
    I2C2_EV_IRQHandler                       0x080001b7   Thumb Code     0  startup_stm32f407xx.o(.text)
    I2C3_ER_IRQHandler                       0x080001b7   Thumb Code     0  startup_stm32f407xx.o(.text)
    I2C3_EV_IRQHandler                       0x080001b7   Thumb Code     0  startup_stm32f407xx.o(.text)
    OTG_FS_IRQHandler                        0x080001b7   Thumb Code     0  startup_stm32f407xx.o(.text)
    OTG_FS_WKUP_IRQHandler                   0x080001b7   Thumb Code     0  startup_stm32f407xx.o(.text)
    OTG_HS_EP1_IN_IRQHandler                 0x080001b7   Thumb Code     0  startup_stm32f407xx.o(.text)
    OTG_HS_EP1_OUT_IRQHandler                0x080001b7   Thumb Code     0  startup_stm32f407xx.o(.text)
    OTG_HS_IRQHandler                        0x080001b7   Thumb Code     0  startup_stm32f407xx.o(.text)
    OTG_HS_WKUP_IRQHandler                   0x080001b7   Thumb Code     0  startup_stm32f407xx.o(.text)
    PVD_IRQHandler                           0x080001b7   Thumb Code     0  startup_stm32f407xx.o(.text)
    RCC_IRQHandler                           0x080001b7   Thumb Code     0  startup_stm32f407xx.o(.text)
    RTC_Alarm_IRQHandler                     0x080001b7   Thumb Code     0  startup_stm32f407xx.o(.text)
    RTC_WKUP_IRQHandler                      0x080001b7   Thumb Code     0  startup_stm32f407xx.o(.text)
    SDIO_IRQHandler                          0x080001b7   Thumb Code     0  startup_stm32f407xx.o(.text)
    SPI1_IRQHandler                          0x080001b7   Thumb Code     0  startup_stm32f407xx.o(.text)
    SPI2_IRQHandler                          0x080001b7   Thumb Code     0  startup_stm32f407xx.o(.text)
    SPI3_IRQHandler                          0x080001b7   Thumb Code     0  startup_stm32f407xx.o(.text)
    TAMP_STAMP_IRQHandler                    0x080001b7   Thumb Code     0  startup_stm32f407xx.o(.text)
    TIM1_TRG_COM_TIM11_IRQHandler            0x080001b7   Thumb Code     0  startup_stm32f407xx.o(.text)
    TIM1_UP_TIM10_IRQHandler                 0x080001b7   Thumb Code     0  startup_stm32f407xx.o(.text)
    TIM2_IRQHandler                          0x080001b7   Thumb Code     0  startup_stm32f407xx.o(.text)
    TIM4_IRQHandler                          0x080001b7   Thumb Code     0  startup_stm32f407xx.o(.text)
    TIM6_DAC_IRQHandler                      0x080001b7   Thumb Code     0  startup_stm32f407xx.o(.text)
    TIM7_IRQHandler                          0x080001b7   Thumb Code     0  startup_stm32f407xx.o(.text)
    TIM8_BRK_TIM12_IRQHandler                0x080001b7   Thumb Code     0  startup_stm32f407xx.o(.text)
    TIM8_CC_IRQHandler                       0x080001b7   Thumb Code     0  startup_stm32f407xx.o(.text)
    TIM8_TRG_COM_TIM14_IRQHandler            0x080001b7   Thumb Code     0  startup_stm32f407xx.o(.text)
    TIM8_UP_TIM13_IRQHandler                 0x080001b7   Thumb Code     0  startup_stm32f407xx.o(.text)
    UART4_IRQHandler                         0x080001b7   Thumb Code     0  startup_stm32f407xx.o(.text)
    UART5_IRQHandler                         0x080001b7   Thumb Code     0  startup_stm32f407xx.o(.text)
    USART1_IRQHandler                        0x080001b7   Thumb Code     0  startup_stm32f407xx.o(.text)
    USART3_IRQHandler                        0x080001b7   Thumb Code     0  startup_stm32f407xx.o(.text)
    USART6_IRQHandler                        0x080001b7   Thumb Code     0  startup_stm32f407xx.o(.text)
    WWDG_IRQHandler                          0x080001b7   Thumb Code     0  startup_stm32f407xx.o(.text)
    OS_CPU_SR_Save                           0x080001c1   Thumb Code     0  os_cpu_a.o(.text)
    OS_CPU_SR_Restore                        0x080001c9   Thumb Code     0  os_cpu_a.o(.text)
    OSStartHighRdy                           0x080001cf   Thumb Code     0  os_cpu_a.o(.text)
    OSCtxSw                                  0x080001f7   Thumb Code     0  os_cpu_a.o(.text)
    OSIntCtxSw                               0x08000201   Thumb Code     0  os_cpu_a.o(.text)
    OS_CPU_PendSVHandler                     0x0800020b   Thumb Code     0  os_cpu_a.o(.text)
    __aeabi_memcpy                           0x08000271   Thumb Code    36  memcpya.o(.text)
    __aeabi_memcpy4                          0x08000271   Thumb Code     0  memcpya.o(.text)
    __aeabi_memcpy8                          0x08000271   Thumb Code     0  memcpya.o(.text)
    __aeabi_memset                           0x08000295   Thumb Code    14  memseta.o(.text)
    __aeabi_memset4                          0x08000295   Thumb Code     0  memseta.o(.text)
    __aeabi_memset8                          0x08000295   Thumb Code     0  memseta.o(.text)
    __aeabi_memclr                           0x080002a3   Thumb Code     4  memseta.o(.text)
    __aeabi_memclr4                          0x080002a3   Thumb Code     0  memseta.o(.text)
    __aeabi_memclr8                          0x080002a3   Thumb Code     0  memseta.o(.text)
    _memset$wrapper                          0x080002a7   Thumb Code    18  memseta.o(.text)
    strlen                                   0x080002b9   Thumb Code    14  strlen.o(.text)
    strcmp                                   0x080002c7   Thumb Code    28  strcmp.o(.text)
    strcpy                                   0x080002e3   Thumb Code    18  strcpy.o(.text)
    strtok                                   0x080002f5   Thumb Code    62  strtok.o(.text)
    calloc                                   0x08000339   Thumb Code    28  calloc.o(.text)
    __aeabi_dadd                             0x08000355   Thumb Code   322  dadd.o(.text)
    __aeabi_dsub                             0x08000497   Thumb Code     6  dadd.o(.text)
    __aeabi_drsub                            0x0800049d   Thumb Code     6  dadd.o(.text)
    __aeabi_dmul                             0x080004a3   Thumb Code   228  dmul.o(.text)
    __aeabi_ddiv                             0x08000587   Thumb Code   222  ddiv.o(.text)
    __aeabi_ui2d                             0x08000665   Thumb Code    26  dfltui.o(.text)
    __aeabi_d2iz                             0x0800067f   Thumb Code    62  dfixi.o(.text)
    __aeabi_f2d                              0x080006bd   Thumb Code    38  f2d.o(.text)
    __aeabi_d2f                              0x080006e3   Thumb Code    56  d2f.o(.text)
    __aeabi_uidiv                            0x0800071b   Thumb Code     0  uidiv.o(.text)
    __aeabi_uidivmod                         0x0800071b   Thumb Code    44  uidiv.o(.text)
    __aeabi_uldivmod                         0x08000747   Thumb Code    98  uldiv.o(.text)
    __aeabi_llsl                             0x080007a9   Thumb Code    30  llshl.o(.text)
    _ll_shift_l                              0x080007a9   Thumb Code     0  llshl.o(.text)
    __aeabi_llsr                             0x080007c7   Thumb Code    32  llushr.o(.text)
    _ll_ushift_r                             0x080007c7   Thumb Code     0  llushr.o(.text)
    __aeabi_lasr                             0x080007e7   Thumb Code    36  llsshr.o(.text)
    _ll_sshift_r                             0x080007e7   Thumb Code     0  llsshr.o(.text)
    __I$use$fp                               0x0800080b   Thumb Code     0  iusefp.o(.text)
    _float_round                             0x0800080b   Thumb Code    18  fepilogue.o(.text)
    _float_epilogue                          0x0800081d   Thumb Code    92  fepilogue.o(.text)
    _double_round                            0x08000879   Thumb Code    30  depilogue.o(.text)
    _double_epilogue                         0x08000897   Thumb Code   156  depilogue.o(.text)
    _dsqrt                                   0x08000933   Thumb Code   162  dsqrt.o(.text)
    __aeabi_d2ulz                            0x080009d5   Thumb Code    48  dfixul.o(.text)
    __aeabi_cdrcmple                         0x08000a05   Thumb Code    48  cdrcmple.o(.text)
    __scatterload                            0x08000a35   Thumb Code    28  init.o(.text)
    __scatterload_rt2                        0x08000a35   Thumb Code     0  init.o(.text)
    __decompress                             0x08000a59   Thumb Code     0  __dczerorl2.o(.text)
    __decompress1                            0x08000a59   Thumb Code    86  __dczerorl2.o(.text)
    BusFault_Handler                         0x08000aaf   Thumb Code     4  stm32f4xx_it.o(i.BusFault_Handler)
    CUTBTN_LONG_PRESS_Handler                0x08000ab5   Thumb Code    12  main.o(i.CUTBTN_LONG_PRESS_Handler)
    CUTBTN_PRESS_DOWN_Handler                0x08000ac5   Thumb Code    12  main.o(i.CUTBTN_PRESS_DOWN_Handler)
    CUTBTN_PRESS_UP_Handler                  0x08000ad5   Thumb Code    12  main.o(i.CUTBTN_PRESS_UP_Handler)
    CertificateCom_Init                      0x08000ae5   Thumb Code    16  usecom.o(i.CertificateCom_Init)
    CertificateCom_RecMsgCallback            0x08000af9   Thumb Code     6  usecom.o(i.CertificateCom_RecMsgCallback)
    CertificateCom_Scan                      0x08000b1d   Thumb Code     8  usecom.o(i.CertificateCom_Scan)
    CommandCallBackInit                      0x08000b25   Thumb Code    10  commandcore.o(i.CommandCallBackInit)
    CommandScan                              0x08000b35   Thumb Code   116  commandcore.o(i.CommandScan)
    Command_Copy                             0x08000bb5   Thumb Code    38  commandutil.o(i.Command_Copy)
    CreateNode                               0x08000be1   Thumb Code    46  steplinkedlist.o(i.CreateNode)
    DMA1_Stream6_IRQHandler                  0x08000c9d   Thumb Code    18  stm32f4xx_it.o(i.DMA1_Stream6_IRQHandler)
    DebugMon_Handler                         0x08000d93   Thumb Code     2  stm32f4xx_it.o(i.DebugMon_Handler)
    ENCODER_TIMx_Init                        0x08000d95   Thumb Code   266  bsp_encodertim.o(i.ENCODER_TIMx_Init)
    HAL_DMA_Abort_IT                         0x08000eb9   Thumb Code    40  stm32f4xx_hal_dma.o(i.HAL_DMA_Abort_IT)
    HAL_DMA_IRQHandler                       0x08000ee1   Thumb Code   574  stm32f4xx_hal_dma.o(i.HAL_DMA_IRQHandler)
    HAL_DMA_Init                             0x08001129   Thumb Code   232  stm32f4xx_hal_dma.o(i.HAL_DMA_Init)
    HAL_GPIO_Init                            0x08001215   Thumb Code   466  stm32f4xx_hal_gpio.o(i.HAL_GPIO_Init)
    HAL_GPIO_WritePin                        0x08001415   Thumb Code    12  stm32f4xx_hal_gpio.o(i.HAL_GPIO_WritePin)
    HAL_GetTick                              0x08001421   Thumb Code     6  stm32f4xx_hal.o(i.HAL_GetTick)
    HAL_Init                                 0x0800142d   Thumb Code    44  stm32f4xx_hal.o(i.HAL_Init)
    HAL_InitTick                             0x0800145d   Thumb Code    36  stm32f4xx_hal.o(i.HAL_InitTick)
    HAL_MspInit                              0x08001485   Thumb Code     2  stm32f4xx_hal_msp.o(i.HAL_MspInit)
    HAL_NVIC_EnableIRQ                       0x08001487   Thumb Code    26  stm32f4xx_hal_cortex.o(i.HAL_NVIC_EnableIRQ)
    HAL_NVIC_SetPriority                     0x080014a1   Thumb Code   124  stm32f4xx_hal_cortex.o(i.HAL_NVIC_SetPriority)
    HAL_NVIC_SetPriorityGrouping             0x0800151d   Thumb Code    32  stm32f4xx_hal_cortex.o(i.HAL_NVIC_SetPriorityGrouping)
    HAL_RCC_ClockConfig                      0x08001545   Thumb Code   446  stm32f4xx_hal_rcc.o(i.HAL_RCC_ClockConfig)
    HAL_RCC_GetHCLKFreq                      0x08001715   Thumb Code     6  stm32f4xx_hal_rcc.o(i.HAL_RCC_GetHCLKFreq)
    HAL_RCC_GetPCLK1Freq                     0x08001721   Thumb Code    36  stm32f4xx_hal_rcc.o(i.HAL_RCC_GetPCLK1Freq)
    HAL_RCC_GetPCLK2Freq                     0x0800174d   Thumb Code    36  stm32f4xx_hal_rcc.o(i.HAL_RCC_GetPCLK2Freq)
    HAL_RCC_GetSysClockFreq                  0x08001779   Thumb Code   168  stm32f4xx_hal_rcc.o(i.HAL_RCC_GetSysClockFreq)
    HAL_RCC_OscConfig                        0x0800182d   Thumb Code  1090  stm32f4xx_hal_rcc.o(i.HAL_RCC_OscConfig)
    HAL_SYSTICK_CLKSourceConfig              0x08001c79   Thumb Code    40  stm32f4xx_hal_cortex.o(i.HAL_SYSTICK_CLKSourceConfig)
    HAL_SYSTICK_Config                       0x08001ca1   Thumb Code    52  stm32f4xx_hal_cortex.o(i.HAL_SYSTICK_Config)
    HAL_TIMEx_BreakCallback                  0x08001cd5   Thumb Code     2  stm32f4xx_hal_tim_ex.o(i.HAL_TIMEx_BreakCallback)
    HAL_TIMEx_CommutationCallback            0x08001cd7   Thumb Code     2  stm32f4xx_hal_tim_ex.o(i.HAL_TIMEx_CommutationCallback)
    HAL_TIMEx_ConfigBreakDeadTime            0x08001cd9   Thumb Code   126  stm32f4xx_hal_tim_ex.o(i.HAL_TIMEx_ConfigBreakDeadTime)
    HAL_TIMEx_PWMN_Stop                      0x08001d57   Thumb Code    96  stm32f4xx_hal_tim_ex.o(i.HAL_TIMEx_PWMN_Stop)
    HAL_TIM_Base_Init                        0x08001db7   Thumb Code    52  stm32f4xx_hal_tim.o(i.HAL_TIM_Base_Init)
    HAL_TIM_Base_MspInit                     0x08001ded   Thumb Code    84  bsp_stepmotor.o(i.HAL_TIM_Base_MspInit)
    HAL_TIM_Base_Start                       0x08001e4d   Thumb Code    30  stm32f4xx_hal_tim.o(i.HAL_TIM_Base_Start)
    HAL_TIM_ConfigClockSource                0x08001e6b   Thumb Code   306  stm32f4xx_hal_tim.o(i.HAL_TIM_ConfigClockSource)
    HAL_TIM_Encoder_Init                     0x08001f9d   Thumb Code   180  stm32f4xx_hal_tim.o(i.HAL_TIM_Encoder_Init)
    HAL_TIM_Encoder_MspInit                  0x08002051   Thumb Code   256  bsp_encodertim.o(i.HAL_TIM_Encoder_MspInit)
    HAL_TIM_Encoder_Start                    0x08002161   Thumb Code    78  stm32f4xx_hal_tim.o(i.HAL_TIM_Encoder_Start)
    HAL_TIM_IC_CaptureCallback               0x080021af   Thumb Code     2  stm32f4xx_hal_tim.o(i.HAL_TIM_IC_CaptureCallback)
    HAL_TIM_IRQHandler                       0x080021b1   Thumb Code   406  stm32f4xx_hal_tim.o(i.HAL_TIM_IRQHandler)
    HAL_TIM_OC_Callback                      0x08002349   Thumb Code  1408  bsp_stepmotor.o(i.HAL_TIM_OC_Callback)
    HAL_TIM_OC_Callback_TIM9                 0x080028dd   Thumb Code  1408  bsp_stepmotor.o(i.HAL_TIM_OC_Callback_TIM9)
    HAL_TIM_OC_ConfigChannel                 0x08002e71   Thumb Code   116  stm32f4xx_hal_tim.o(i.HAL_TIM_OC_ConfigChannel)
    HAL_TIM_OC_DelayElapsedCallback          0x08002ee5   Thumb Code     2  stm32f4xx_hal_tim.o(i.HAL_TIM_OC_DelayElapsedCallback)
    HAL_TIM_OC_Start_IT                      0x08002ee9   Thumb Code   144  stm32f4xx_hal_tim.o(i.HAL_TIM_OC_Start_IT)
    HAL_TIM_OC_Stop_IT                       0x08002f81   Thumb Code   196  stm32f4xx_hal_tim.o(i.HAL_TIM_OC_Stop_IT)
    HAL_TIM_PWM_ConfigChannel                0x0800304d   Thumb Code   264  stm32f4xx_hal_tim.o(i.HAL_TIM_PWM_ConfigChannel)
    HAL_TIM_PWM_Init                         0x08003155   Thumb Code    52  stm32f4xx_hal_tim.o(i.HAL_TIM_PWM_Init)
    HAL_TIM_PWM_MspInit                      0x08003189   Thumb Code    72  bsp_bdcmotor.o(i.HAL_TIM_PWM_MspInit)
    HAL_TIM_PWM_PulseFinishedCallback        0x080031d9   Thumb Code     2  stm32f4xx_hal_tim.o(i.HAL_TIM_PWM_PulseFinishedCallback)
    HAL_TIM_PWM_Start                        0x080031dd   Thumb Code    68  stm32f4xx_hal_tim.o(i.HAL_TIM_PWM_Start)
    HAL_TIM_PWM_Stop                         0x08003229   Thumb Code   126  stm32f4xx_hal_tim.o(i.HAL_TIM_PWM_Stop)
    HAL_TIM_PeriodElapsedCallback            0x080032b1   Thumb Code    90  bsp_encodertim.o(i.HAL_TIM_PeriodElapsedCallback)
    HAL_TIM_TriggerCallback                  0x0800331d   Thumb Code     2  stm32f4xx_hal_tim.o(i.HAL_TIM_TriggerCallback)
    HAL_UART_ErrorCallback                   0x0800331f   Thumb Code     2  stm32f4xx_hal_uart.o(i.HAL_UART_ErrorCallback)
    HAL_UART_IRQHandler                      0x08003321   Thumb Code   326  stm32f4xx_hal_uart.o(i.HAL_UART_IRQHandler)
    HAL_UART_Init                            0x0800346d   Thumb Code   114  stm32f4xx_hal_uart.o(i.HAL_UART_Init)
    HAL_UART_MspInit                         0x080034e1   Thumb Code   154  bsp_usartx.o(i.HAL_UART_MspInit)
    HAL_UART_Receive_IT                      0x08003589   Thumb Code   100  stm32f4xx_hal_uart.o(i.HAL_UART_Receive_IT)
    HAL_UART_RxCpltCallback                  0x080035ed   Thumb Code    26  main.o(i.HAL_UART_RxCpltCallback)
    HAL_UART_Transmit                        0x08003611   Thumb Code   214  stm32f4xx_hal_uart.o(i.HAL_UART_Transmit)
    HAL_UART_TxCpltCallback                  0x080036e7   Thumb Code     2  stm32f4xx_hal_uart.o(i.HAL_UART_TxCpltCallback)
    HardFault_Handler                        0x080036e9   Thumb Code     4  stm32f4xx_it.o(i.HardFault_Handler)
    Init_PIDStruct                           0x080036ed   Thumb Code    66  pid.o(i.Init_PIDStruct)
    KEY_GPIO_Init                            0x08003759   Thumb Code   240  bsp_key.o(i.KEY_GPIO_Init)
    MemManage_Handler                        0x0800387d   Thumb Code     4  stm32f4xx_it.o(i.MemManage_Handler)
    NMI_Handler                              0x08003881   Thumb Code     2  stm32f4xx_it.o(i.NMI_Handler)
    OSInit                                   0x080038bd   Thumb Code    40  os_core.o(i.OSInit)
    OSInitHookBegin                          0x080038e5   Thumb Code    24  os_cpu_c.o(i.OSInitHookBegin)
    OSInitHookEnd                            0x08003909   Thumb Code     2  os_cpu_c.o(i.OSInitHookEnd)
    OSIntEnter                               0x0800390d   Thumb Code    28  os_core.o(i.OSIntEnter)
    OSIntExit                                0x08003931   Thumb Code   112  os_core.o(i.OSIntExit)
    OSSemCreate                              0x080039c1   Thumb Code    68  os_sem.o(i.OSSemCreate)
    OSStart                                  0x08003a0d   Thumb Code    48  os_core.o(i.OSStart)
    OSStatInit                               0x08003a55   Thumb Code    62  os_core.o(i.OSStatInit)
    OSTCBInitHook                            0x08003aa1   Thumb Code     2  os_cpu_c.o(i.OSTCBInitHook)
    OSTaskCreate                             0x08003aa5   Thumb Code   148  os_task.o(i.OSTaskCreate)
    OSTaskCreateExt                          0x08003b45   Thumb Code   170  os_task.o(i.OSTaskCreateExt)
    OSTaskCreateHook                         0x08003bfd   Thumb Code     2  os_cpu_c.o(i.OSTaskCreateHook)
    OSTaskDel                                0x08003c01   Thumb Code   280  os_task.o(i.OSTaskDel)
    OSTaskDelHook                            0x08003d45   Thumb Code     2  os_cpu_c.o(i.OSTaskDelHook)
    OSTaskIdleHook                           0x08003d47   Thumb Code     2  os_cpu_c.o(i.OSTaskIdleHook)
    OSTaskNameSet                            0x08003d49   Thumb Code    98  os_task.o(i.OSTaskNameSet)
    OSTaskReturnHook                         0x08003db9   Thumb Code     2  os_cpu_c.o(i.OSTaskReturnHook)
    OSTaskStatHook                           0x08003dbb   Thumb Code     2  os_cpu_c.o(i.OSTaskStatHook)
    OSTaskStkChk                             0x08003dbd   Thumb Code   128  os_task.o(i.OSTaskStkChk)
    OSTaskStkInit                            0x08003e45   Thumb Code   152  os_cpu_c.o(i.OSTaskStkInit)
    OSTaskSuspend                            0x08003ee1   Thumb Code   152  os_task.o(i.OSTaskSuspend)
    OSTaskSwHook                             0x08003f89   Thumb Code     2  os_cpu_c.o(i.OSTaskSwHook)
    OSTimeDly                                0x08003f8d   Thumb Code   100  os_time.o(i.OSTimeDly)
    OSTimeTick                               0x08004005   Thumb Code   210  os_core.o(i.OSTimeTick)
    OSTimeTickHook                           0x080040f1   Thumb Code     2  os_cpu_c.o(i.OSTimeTickHook)
    OS_CPU_SysTickHandler                    0x080040f5   Thumb Code    34  os_cpu_c.o(i.OS_CPU_SysTickHandler)
    OS_CPU_SysTickInit                       0x0800411d   Thumb Code    90  main.o(i.OS_CPU_SysTickInit)
    OS_Dummy                                 0x08004181   Thumb Code     2  os_core.o(i.OS_Dummy)
    OS_EventTaskRemove                       0x08004183   Thumb Code    42  os_core.o(i.OS_EventTaskRemove)
    OS_EventWaitListInit                     0x080041ad   Thumb Code    28  os_core.o(i.OS_EventWaitListInit)
    OS_MemClr                                0x080043dd   Thumb Code    18  os_core.o(i.OS_MemClr)
    OS_QInit                                 0x080043f1   Thumb Code    72  os_q.o(i.OS_QInit)
    OS_Sched                                 0x08004441   Thumb Code    88  os_core.o(i.OS_Sched)
    OS_TCBInit                               0x080044e1   Thumb Code   284  os_core.o(i.OS_TCBInit)
    OS_TaskIdle                              0x08004619   Thumb Code    34  os_core.o(i.OS_TaskIdle)
    OS_TaskReturn                            0x08004641   Thumb Code    18  os_task.o(i.OS_TaskReturn)
    OS_TaskStat                              0x08004659   Thumb Code   140  os_core.o(i.OS_TaskStat)
    OS_TaskStatStkChk                        0x080046f9   Thumb Code    54  os_core.o(i.OS_TaskStatStkChk)
    OS_TaskStkClr                            0x08004735   Thumb Code    26  os_task.o(i.OS_TaskStkClr)
    PAPEREXITBTN_PRESS_DOWN_Handler          0x08004751   Thumb Code    28  main.o(i.PAPEREXITBTN_PRESS_DOWN_Handler)
    PLASTICBBTN_PRESS_UP_Handler             0x0800477d   Thumb Code    12  main.o(i.PLASTICBBTN_PRESS_UP_Handler)
    PLASTICBTN_LONG_PRESS_Handler            0x0800478d   Thumb Code    12  main.o(i.PLASTICBTN_LONG_PRESS_Handler)
    PLASTICBTN_PRESS_DOWN_Handler            0x0800479d   Thumb Code    12  main.o(i.PLASTICBTN_PRESS_DOWN_Handler)
    STEPMOTOR_CerAxisMoveRel                 0x0800485d   Thumb Code   756  bsp_stepmotor.o(i.STEPMOTOR_CerAxisMoveRel)
    STEPMOTOR_CerAxisMoveRel_CutTim9         0x08004b89   Thumb Code   692  bsp_stepmotor.o(i.STEPMOTOR_CerAxisMoveRel_CutTim9)
    STEPMOTOR_TIMx_Init                      0x08004f99   Thumb Code   212  bsp_stepmotor.o(i.STEPMOTOR_TIMx_Init)
    SVC_Handler                              0x0800507d   Thumb Code     2  stm32f4xx_it.o(i.SVC_Handler)
    StmCom_Init                              0x080050e5   Thumb Code    38  bsp_usartx.o(i.StmCom_Init)
    StmCom_ReceiveComData                    0x08005119   Thumb Code   150  bsp_usartx.o(i.StmCom_ReceiveComData)
    StmCom_ScanTask                          0x080051b5   Thumb Code     8  bsp_usartx.o(i.StmCom_ScanTask)
    StmCom_SetRecDataCallBack                0x080051bd   Thumb Code    48  bsp_usartx.o(i.StmCom_SetRecDataCallBack)
    StopCutMem                               0x080051f1   Thumb Code    26  runcutmachine.o(i.StopCutMem)
    SystemInit                               0x080052b9   Thumb Code    82  system_stm32f4xx.o(i.SystemInit)
    TIM1_BRK_TIM9_IRQHandler                 0x0800531d   Thumb Code    62  stm32f4xx_it.o(i.TIM1_BRK_TIM9_IRQHandler)
    TIM1_CC_IRQHandler                       0x08005361   Thumb Code   110  stm32f4xx_it.o(i.TIM1_CC_IRQHandler)
    TIM3_IRQHandler                          0x080053d5   Thumb Code    18  stm32f4xx_it.o(i.TIM3_IRQHandler)
    TIM5_IRQHandler                          0x080053ed   Thumb Code    18  stm32f4xx_it.o(i.TIM5_IRQHandler)
    TIM_Base_SetConfig                       0x08005405   Thumb Code   184  stm32f4xx_hal_tim.o(i.TIM_Base_SetConfig)
    TIM_CCxChannelCmd                        0x080054e9   Thumb Code    28  stm32f4xx_hal_tim.o(i.TIM_CCxChannelCmd)
    TIM_OC2_SetConfig                        0x080055bd   Thumb Code   112  stm32f4xx_hal_tim.o(i.TIM_OC2_SetConfig)
    USART2_IRQHandler                        0x08005c8d   Thumb Code    18  stm32f4xx_it.o(i.USART2_IRQHandler)
    USARTx_Init                              0x08005ca5   Thumb Code   140  bsp_usartx.o(i.USARTx_Init)
    UsageFault_Handler                       0x08005d45   Thumb Code     4  stm32f4xx_it.o(i.UsageFault_Handler)
    WORKFINISH_PRESS_DOWN_Handler            0x08005d49   Thumb Code    14  main.o(i.WORKFINISH_PRESS_DOWN_Handler)
    __0printf                                0x08005d5d   Thumb Code    22  printfa.o(i.__0printf)
    __1printf                                0x08005d5d   Thumb Code     0  printfa.o(i.__0printf)
    __2printf                                0x08005d5d   Thumb Code     0  printfa.o(i.__0printf)
    __c89printf                              0x08005d5d   Thumb Code     0  printfa.o(i.__0printf)
    printf                                   0x08005d5d   Thumb Code     0  printfa.o(i.__0printf)
    __hardfp_sqrt                            0x08005d7d   Thumb Code   122  sqrt.o(i.__hardfp_sqrt)
    __scatterload_copy                       0x08005df7   Thumb Code    14  handlers.o(i.__scatterload_copy)
    __scatterload_null                       0x08005e05   Thumb Code     2  handlers.o(i.__scatterload_null)
    __scatterload_zeroinit                   0x08005e07   Thumb Code    14  handlers.o(i.__scatterload_zeroinit)
    __set_errno                              0x08005e15   Thumb Code     6  errno.o(i.__set_errno)
    add_program                              0x080066b3   Thumb Code    60  commandutil.o(i.add_program)
    appTaskStart                             0x080066f1   Thumb Code    70  main.o(i.appTaskStart)
    arg_cmd                                  0x08006751   Thumb Code   156  commandutil.o(i.arg_cmd)
    arg_num                                  0x080067f1   Thumb Code    20  commandutil.o(i.arg_num)
    button_attach                            0x08006805   Thumb Code    10  bsp_key.o(i.button_attach)
    button_handler                           0x0800680f   Thumb Code   544  bsp_key.o(i.button_handler)
    button_init                              0x08006a2f   Thumb Code    50  bsp_key.o(i.button_init)
    button_start                             0x08006a61   Thumb Code    38  bsp_key.o(i.button_start)
    button_ticks                             0x08006a8d   Thumb Code    22  bsp_key.o(i.button_ticks)
    comTask                                  0x08006ad9   Thumb Code   180  main.o(i.comTask)
    commandCutMachineSeq                     0x08006b95   Thumb Code    42  commandcore.o(i.commandCutMachineSeq)
    commandCutStep                           0x08006c19   Thumb Code   134  commandcore.o(i.commandCutStep)
    commandFlotasmCutMotor                   0x08006cf9   Thumb Code    78  commandcore.o(i.commandFlotasmCutMotor)
    commandHobMotor                          0x08006dcd   Thumb Code    78  commandcore.o(i.commandHobMotor)
    commandLeftChamferMotor                  0x08006ea5   Thumb Code    78  commandcore.o(i.commandLeftChamferMotor)
    commandLeftHobMotor                      0x08006f7d   Thumb Code    68  commandcore.o(i.commandLeftHobMotor)
    commandMachineStep                       0x08007041   Thumb Code   126  commandcore.o(i.commandMachineStep)
    commandPIDMotor                          0x08007101   Thumb Code    14  commandcore.o(i.commandPIDMotor)
    commandPagingConveyerMotor               0x0800712d   Thumb Code    78  commandcore.o(i.commandPagingConveyerMotor)
    commandPagingSeq                         0x08007205   Thumb Code   106  commandcore.o(i.commandPagingSeq)
    commandRightChamferMotor                 0x080072f1   Thumb Code    68  commandcore.o(i.commandRightChamferMotor)
    commandRightHobMotor                     0x080073b9   Thumb Code    68  commandcore.o(i.commandRightHobMotor)
    commandStampACMotor                      0x0800747d   Thumb Code    74  commandcore.o(i.commandStampACMotor)
    commandStampSeq                          0x0800754d   Thumb Code    30  commandcore.o(i.commandStampSeq)
    continuousCutMem                         0x080075b5   Thumb Code    46  runcutmachine.o(i.continuousCutMem)
    continuousPlasticMem                     0x080075e9   Thumb Code    46  runpagingmachine.o(i.continuousPlasticMem)
    controlChamferMotor                      0x0800761d   Thumb Code    12  motor.o(i.controlChamferMotor)
    controlCutMachine                        0x08007629   Thumb Code    38  runcutmachine.o(i.controlCutMachine)
    controlCutMachineSpeed                   0x0800765d   Thumb Code    80  runcutmachine.o(i.controlCutMachineSpeed)
    controlFlotasmCutMotor                   0x080076b9   Thumb Code    12  motor.o(i.controlFlotasmCutMotor)
    controlHobMotor                          0x080076c5   Thumb Code   102  motor.o(i.controlHobMotor)
    controlPIDPagingMachineStep              0x0800772d   Thumb Code    26  pid.o(i.controlPIDPagingMachineStep)
    controlPagingConveyerMotor               0x08007755   Thumb Code   102  motor.o(i.controlPagingConveyerMotor)
    controlPagingMachine                     0x080077bd   Thumb Code    44  runpagingmachine.o(i.controlPagingMachine)
    controlStampACMotor                      0x08007809   Thumb Code     6  motor.o(i.controlStampACMotor)
    create_job                               0x0800780f   Thumb Code    44  commandutil.o(i.create_job)
    create_program                           0x0800783b   Thumb Code    94  commandutil.o(i.create_program)
    cutMachineStep_TIM9_Init                 0x08007899   Thumb Code   234  bsp_stepmotor.o(i.cutMachineStep_TIM9_Init)
    cutTask                                  0x08007999   Thumb Code    18  main.o(i.cutTask)
    destroy_job                              0x080079b1   Thumb Code    94  commandutil.o(i.destroy_job)
    fputc                                    0x08007a19   Thumb Code    22  bsp_usartx.o(i.fputc)
    free                                     0x08007a35   Thumb Code    76  malloc.o(i.free)
    hobMotorIO                               0x08007a85   Thumb Code    90  bsp_bdcmotor.o(i.hobMotorIO)
    initMotorIOPushOut                       0x08007bcd   Thumb Code   212  bsp_bdcmotor.o(i.initMotorIOPushOut)
    initMotorPWM                             0x08007cad   Thumb Code   650  bsp_bdcmotor.o(i.initMotorPWM)
    initReadTemperature                      0x08007f59   Thumb Code    12  max6675.o(i.initReadTemperature)
    initSensorIO                             0x08007f65   Thumb Code   712  bsp_sensor.o(i.initSensorIO)
    insertList                               0x080083b1   Thumb Code    66  steplinkedlist.o(i.insertList)
    listInit                                 0x080083f5   Thumb Code    34  steplinkedlist.o(i.listInit)
    main                                     0x08008435   Thumb Code    40  main.o(i.main)
    malloc                                   0x08008469   Thumb Code    92  malloc.o(i.malloc)
    manualCutMem                             0x080084d5   Thumb Code    40  runcutmachine.o(i.manualCutMem)
    manualPlasticMem                         0x08008501   Thumb Code    40  runpagingmachine.o(i.manualPlasticMem)
    pagingConveyerMotorIO                    0x0800852d   Thumb Code    90  bsp_bdcmotor.o(i.pagingConveyerMotorIO)
    pagingTask                               0x08008591   Thumb Code    18  main.o(i.pagingTask)
    parse_cmd                                0x080085a9   Thumb Code   154  commandutil.o(i.parse_cmd)
    popFront                                 0x08008649   Thumb Code    46  steplinkedlist.o(i.popFront)
    pushBack                                 0x08008677   Thumb Code    42  steplinkedlist.o(i.pushBack)
    readCutButtonIO                          0x080086a1   Thumb Code    10  bsp_key.o(i.readCutButtonIO)
    readFlotasmCutMotor                      0x080086b1   Thumb Code     6  motor.o(i.readFlotasmCutMotor)
    readPaperExitButtonIO                    0x080086bd   Thumb Code    10  bsp_key.o(i.readPaperExitButtonIO)
    readStampButtonIO                        0x080086cd   Thumb Code    10  bsp_key.o(i.readStampButtonIO)
    readWorkFinishButtonIO                   0x080086dd   Thumb Code    10  bsp_key.o(i.readWorkFinishButtonIO)
    runCutFlasmPostionSensor                 0x080086ed   Thumb Code    90  runcutmachine.o(i.runCutFlasmPostionSensor)
    runCutMachine                            0x08008751   Thumb Code   586  runcutmachine.o(i.runCutMachine)
    runFlotasmCutMotor                       0x08008a51   Thumb Code   326  motor.o(i.runFlotasmCutMotor)
    runHobMotor                              0x08008bb1   Thumb Code   124  motor.o(i.runHobMotor)
    runPagingConveyerMotor                   0x08008c2d   Thumb Code   124  motor.o(i.runPagingConveyerMotor)
    runPagingMachine                         0x08008ca9   Thumb Code   448  runpagingmachine.o(i.runPagingMachine)
    sensorCutFlotasmPostion                  0x080091e1   Thumb Code    12  bsp_sensor.o(i.sensorCutFlotasmPostion)
    sensorCutLeftFlotasm                     0x080091f1   Thumb Code    12  bsp_sensor.o(i.sensorCutLeftFlotasm)
    sensorCutMachineBehind                   0x08009201   Thumb Code    12  bsp_sensor.o(i.sensorCutMachineBehind)
    sensorCutMachineFront                    0x08009211   Thumb Code    12  bsp_sensor.o(i.sensorCutMachineFront)
    sensorCutRightFlotasm                    0x08009221   Thumb Code    12  bsp_sensor.o(i.sensorCutRightFlotasm)
    sensorPagingFrictionOrigin               0x08009231   Thumb Code    14  bsp_sensor.o(i.sensorPagingFrictionOrigin)
    sensorPagingFrictionOutFour              0x08009245   Thumb Code    10  bsp_sensor.o(i.sensorPagingFrictionOutFour)
    sensorPagingFrictionOutOne               0x08009255   Thumb Code    10  bsp_sensor.o(i.sensorPagingFrictionOutOne)
    sensorPagingFrictionOutThree             0x08009265   Thumb Code    10  bsp_sensor.o(i.sensorPagingFrictionOutThree)
    sensorPagingFrictionOutTwo               0x08009275   Thumb Code    10  bsp_sensor.o(i.sensorPagingFrictionOutTwo)
    sensorPagingRollerOut                    0x08009285   Thumb Code    14  bsp_sensor.o(i.sensorPagingRollerOut)
    showList                                 0x08009299   Thumb Code    42  steplinkedlist.o(i.showList)
    signalStability                          0x080092d5   Thumb Code    52  bsp_sensor.o(i.signalStability)
    stopPlasticMem                           0x08009309   Thumb Code    26  runpagingmachine.o(i.stopPlasticMem)
    stringint                                0x08009329   Thumb Code    34  commandcore.o(i.stringint)
    text                                     0x0800934d   Thumb Code    10  commandcore.o(i.text)
    Timer                                    0x08009370   Data          64  bsp_stepmotor.o(.constdata)
    Timer9                                   0x080093b0   Data          32  bsp_stepmotor.o(.constdata)
    Stepmotor                                0x080093d0   Data          48  bsp_stepmotor.o(.constdata)
    CutStepmotor                             0x08009400   Data          16  bsp_stepmotor.o(.constdata)
    AHBPrescTable                            0x08009418   Data          16  system_stm32f4xx.o(.constdata)
    APBPrescTable                            0x08009428   Data           8  system_stm32f4xx.o(.constdata)
    OSUnMapTbl                               0x08009430   Data         256  os_core.o(.constdata)
    Region$$Table$$Base                      0x08009530   Number         0  anon$$obj.o(Region$$Table)
    Region$$Table$$Limit                     0x08009550   Number         0  anon$$obj.o(Region$$Table)
    PostionSensor_Status                     0x20000000   Data           1  runcutmachine.o(.data)
    CutFlasmPostionSensor_Status             0x20000001   Data           1  runcutmachine.o(.data)
    needCutting_Status                       0x20000002   Data           1  runcutmachine.o(.data)
    Wait_Status                              0x20000003   Data           1  runcutmachine.o(.data)
    Syncs_Status                             0x20000004   Data           1  runcutmachine.o(.data)
    Accel_Status                             0x20000005   Data           1  runcutmachine.o(.data)
    CaptureNumberPre                         0x20000008   Data           4  runcutmachine.o(.data)
    HeadStep_countPre                        0x2000000c   Data           4  runcutmachine.o(.data)
    TailStep_countPre                        0x20000010   Data           4  runcutmachine.o(.data)
    S_plastic                                0x20000014   Data           4  runpagingmachine.o(.data)
    S_target                                 0x20000018   Data           4  runpagingmachine.o(.data)
    S_waitTime                               0x2000001c   Data           2  runpagingmachine.o(.data)
    S_chaseTime                              0x2000001e   Data           2  runpagingmachine.o(.data)
    firstStatus                              0x20000020   Data           1  runpagingmachine.o(.data)
    machinePaperCount                        0x20000022   Data           2  runpagingmachine.o(.data)
    PWM_Duty                                 0x20000024   Data           2  bsp_bdcmotor.o(.data)
    OverflowCount                            0x20000026   Data           2  bsp_encodertim.o(.data)
    OverflowCountTwo                         0x20000028   Data           2  bsp_encodertim.o(.data)
    Toggle_Pulse                             0x20000030   Data           2  bsp_stepmotor.o(.data)
    i                                        0x20000032   Data           1  bsp_stepmotor.o(.data)
    iCut                                     0x20000033   Data           1  bsp_stepmotor.o(.data)
    listStopCmd                              0x20000034   Data           4  bsp_stepmotor.o(.data)
    listCutStep_count                        0x20000038   Data           8  bsp_stepmotor.o(.data)
    listCutStepStopCmd                       0x20000040   Data           2  bsp_stepmotor.o(.data)
    stpdecel                                 0x20000044   Data           4  bsp_stepmotor.o(.data)
    cerMotionStatus                          0x20000048   Data           4  bsp_stepmotor.o(.data)
    cerCutMotionStatus                       0x2000004c   Data           2  bsp_stepmotor.o(.data)
    pmCutStep_position                       0x20000050   Data           8  bsp_stepmotor.o(.data)
    commandStringList                        0x20000080   Data         750  commandlist.o(.data)
    Command_Proc_Func_Table                  0x20000370   Data          60  commandlist.o(.data)
    uwTick                                   0x200003ac   Data           4  stm32f4xx_hal.o(.data)
    tick                                     0x200003b0   Data           6  ram.o(.data)
    SignPagingExistPaper                     0x200003b6   Data           8  ram.o(.data)
    SignPagingFrictionOrigin                 0x200003be   Data           8  ram.o(.data)
    SignPagingFrictionOut                    0x200003c6   Data           8  ram.o(.data)
    SignPagingFrictionOutOne                 0x200003ce   Data           8  ram.o(.data)
    SignPagingFrictionOutTwo                 0x200003d6   Data           8  ram.o(.data)
    SignPagingFrictionOutThree               0x200003de   Data           8  ram.o(.data)
    SignPagingFrictionOutFour                0x200003e6   Data           8  ram.o(.data)
    SignPagingRollerOut                      0x200003ee   Data           8  ram.o(.data)
    SignStampPostion                         0x200003f6   Data           8  ram.o(.data)
    SignStampACMotor                         0x200003fe   Data           8  ram.o(.data)
    SignStampWaitUp                          0x20000406   Data           8  ram.o(.data)
    SignStampWaitDown                        0x2000040e   Data           8  ram.o(.data)
    SignCutFlotasmPostion                    0x20000416   Data           8  ram.o(.data)
    SignCutLeftFlotasmCut                    0x2000041e   Data           8  ram.o(.data)
    SignCutRightFlotasmCut                   0x20000426   Data           8  ram.o(.data)
    SignCutChamferMotor                      0x2000042e   Data           8  ram.o(.data)
    SignCutChamferPostion                    0x20000436   Data           8  ram.o(.data)
    SignCutMachineFront                      0x2000043e   Data           8  ram.o(.data)
    SignCutMachineBehind                     0x20000446   Data           8  ram.o(.data)
    time_count                               0x20000450   Data           2  main.o(.data)
    Time_Flag                                0x20000452   Data           1  main.o(.data)
    aTxBuffer                                0x20000453   Data           1  main.o(.data)
    aRxBuffer                                0x20000454   Data           1  main.o(.data)
    Machine_Status                           0x20000456   Data           2  main.o(.data)
    CutFullSem                               0x20000458   Data           4  main.o(.data)
    SystemCoreClock                          0x20000460   Data           4  system_stm32f4xx.o(.data)
    g_recCallBack                            0x20000464   Data           4  usecom.o(.data)
    Exp_Val                                  0x20000468   Data           4  pid.o(.data)
    Vel_Target                               0x2000046c   Data           4  pid.o(.data)
    MSF                                      0x20000470   Data           2  pid.o(.data)
    SUM_Pulse                                0x20000472   Data           2  pid.o(.data)
    CaptureNumber                            0x20000474   Data           4  pid.o(.data)
    Last_CaptureNumber                       0x20000478   Data           4  pid.o(.data)
    MSF_2                                    0x2000047c   Data           2  pid.o(.data)
    SUM_Pulse_2                              0x20000480   Data           4  pid.o(.data)
    PagingCaptureNumber                      0x20000484   Data           4  pid.o(.data)
    Last_PagingCaptureNumber                 0x20000488   Data           4  pid.o(.data)
    Motion_Dir                               0x2000048c   Data           1  pid.o(.data)
    OSCtxSwCtr                               0x20000490   Data           4  os_core.o(.data)
    OSEventFreeList                          0x20000494   Data           4  os_core.o(.data)
    OSCPUUsage                               0x20000498   Data           1  os_core.o(.data)
    OSIdleCtrMax                             0x2000049c   Data           4  os_core.o(.data)
    OSIdleCtrRun                             0x200004a0   Data           4  os_core.o(.data)
    OSStatRdy                                0x200004a4   Data           1  os_core.o(.data)
    OSIntNesting                             0x200004a5   Data           1  os_core.o(.data)
    OSLockNesting                            0x200004a6   Data           1  os_core.o(.data)
    OSPrioCur                                0x200004a7   Data           1  os_core.o(.data)
    OSPrioHighRdy                            0x200004a8   Data           1  os_core.o(.data)
    OSRdyGrp                                 0x200004a9   Data           1  os_core.o(.data)
    OSRdyTbl                                 0x200004aa   Data           8  os_core.o(.data)
    OSRunning                                0x200004b2   Data           1  os_core.o(.data)
    OSTaskCtr                                0x200004b3   Data           1  os_core.o(.data)
    OSIdleCtr                                0x200004b4   Data           4  os_core.o(.data)
    OSTCBCur                                 0x200004b8   Data           4  os_core.o(.data)
    OSTCBFreeList                            0x200004bc   Data           4  os_core.o(.data)
    OSTCBHighRdy                             0x200004c0   Data           4  os_core.o(.data)
    OSTCBList                                0x200004c4   Data           4  os_core.o(.data)
    OSTickStepState                          0x200004c8   Data           1  os_core.o(.data)
    OSQFreeList                              0x200004cc   Data           4  os_core.o(.data)
    OSTaskRegNextAvailID                     0x200004d0   Data           1  os_core.o(.data)
    OSTime                                   0x200004d4   Data           4  os_core.o(.data)
    OS_CPU_ExceptStkBase                     0x200004d8   Data           4  os_cpu_c.o(.data)
    __stdout                                 0x200004e0   Data           4  stdout.o(.data)
    __microlib_freelist                      0x200004e4   Data           4  mvars.o(.data)
    __microlib_freelist_initialised          0x200004e8   Data           4  mvars.o(.data)
    htimx_BDCMOTOR                           0x200004f0   Data          60  bsp_bdcmotor.o(.bss)
    htimx_COMMON_DCMOTOR                     0x2000052c   Data          60  bsp_bdcmotor.o(.bss)
    htimx_Encoder                            0x20000568   Data          60  bsp_encodertim.o(.bss)
    htimx_EncoderTwo                         0x200005a4   Data          60  bsp_encodertim.o(.bss)
    sEncoderConfig                           0x200005e0   Data          36  bsp_encodertim.o(.bss)
    sEncoderConfigTwo                        0x20000604   Data          36  bsp_encodertim.o(.bss)
    htimx_STEPMOTOR                          0x20000628   Data          60  bsp_stepmotor.o(.bss)
    cutMachine_STEPMOTOR                     0x20000664   Data          60  bsp_stepmotor.o(.bss)
    listStep_count                           0x200006a0   Data          16  bsp_stepmotor.o(.bss)
    cerStepSrd                               0x200006b0   Data         112  bsp_stepmotor.o(.bss)
    cerCutStepSrd                            0x20000720   Data          56  bsp_stepmotor.o(.bss)
    pmStep_position                          0x20000758   Data          16  bsp_stepmotor.o(.bss)
    g_comInBuf0                              0x20000788   Data         128  bsp_usartx.o(.bss)
    g_comOutBuf0                             0x20000808   Data         128  bsp_usartx.o(.bss)
    g_comQueue                               0x20000888   Data          28  bsp_usartx.o(.bss)
    husartx                                  0x200008a4   Data          64  bsp_usartx.o(.bss)
    hdma_usartx_tx                           0x200008e4   Data          96  bsp_usartx.o(.bss)
    buffer                                   0x20000944   Data         500  commandutil.o(.bss)
    CutBtn                                   0x20000b38   Data          40  ram.o(.bss)
    PlasticBtn                               0x20000b60   Data          40  ram.o(.bss)
    WorkFinishBtn                            0x20000b88   Data          40  ram.o(.bss)
    PaperExitBtn                             0x20000bb0   Data          40  ram.o(.bss)
    PagingMachine                            0x20000bd8   Data          34  ram.o(.bss)
    StampMachine                             0x20000bfa   Data          24  ram.o(.bss)
    StampStepList                            0x20000c14   Data          12  ram.o(.bss)
    CutMachine                               0x20000c20   Data          28  ram.o(.bss)
    CutStepList                              0x20000c3c   Data          12  ram.o(.bss)
    appTaskStartStk                          0x20000c48   Data        1024  main.o(.bss)
    CUT_TASK_STK                             0x20001048   Data        1024  main.o(.bss)
    STAMP_TASK_STK                           0x20001448   Data        1024  main.o(.bss)
    PAGING_TASK_STK                          0x20001848   Data        4096  main.o(.bss)
    COM_TASK_STK                             0x20002848   Data        4096  main.o(.bss)
    vPID                                     0x20003848   Data          40  pid.o(.bss)
    OSEventTbl                               0x20003870   Data         200  os_core.o(.bss)
    OSTaskStatStk                            0x20003938   Data         512  os_core.o(.bss)
    OSTaskIdleStk                            0x20003b38   Data         512  os_core.o(.bss)
    OSTCBPrioTbl                             0x20003d38   Data         256  os_core.o(.bss)
    OSTCBTbl                                 0x20003e38   Data         532  os_core.o(.bss)
    OSQTbl                                   0x2000404c   Data          96  os_core.o(.bss)
    OS_CPU_ExceptStk                         0x200040ac   Data         512  os_cpu_c.o(.bss)
    __heap_base                              0x200042b0   Data           0  startup_stm32f407xx.o(HEAP)
    __heap_limit                             0x20004ab0   Data           0  startup_stm32f407xx.o(HEAP)
    __initial_sp                             0x20005ab0   Data           0  startup_stm32f407xx.o(STACK)



==============================================================================

Memory Map of the image

  Image Entry point : 0x08000189

  Load Region LR_IROM1 (Base: 0x08000000, Size: 0x00009a40, Max: 0x00100000, ABSOLUTE, COMPRESSED[0x00009640])

    Execution Region ER_IROM1 (Base: 0x08000000, Size: 0x00009550, Max: 0x00100000, ABSOLUTE)

    Base Addr    Size         Type   Attr      Idx    E Section Name        Object

    0x08000000   0x00000188   Data   RO         1364    RESET               startup_stm32f407xx.o
    0x08000188   0x00000000   Code   RO         5628  * .ARM.Collect$$$$00000000  mc_w.l(entry.o)
    0x08000188   0x00000004   Code   RO         5956    .ARM.Collect$$$$00000001  mc_w.l(entry2.o)
    0x0800018c   0x00000004   Code   RO         5959    .ARM.Collect$$$$00000004  mc_w.l(entry5.o)
    0x08000190   0x00000000   Code   RO         5961    .ARM.Collect$$$$00000008  mc_w.l(entry7b.o)
    0x08000190   0x00000000   Code   RO         5963    .ARM.Collect$$$$0000000A  mc_w.l(entry8b.o)
    0x08000190   0x00000008   Code   RO         5964    .ARM.Collect$$$$0000000B  mc_w.l(entry9a.o)
    0x08000198   0x00000000   Code   RO         5966    .ARM.Collect$$$$0000000D  mc_w.l(entry10a.o)
    0x08000198   0x00000000   Code   RO         5968    .ARM.Collect$$$$0000000F  mc_w.l(entry11a.o)
    0x08000198   0x00000004   Code   RO         5957    .ARM.Collect$$$$00002712  mc_w.l(entry2.o)
    0x0800019c   0x00000024   Code   RO         1365    .text               startup_stm32f407xx.o
    0x080001c0   0x000000b0   Code   RO         5613    .text               os_cpu_a.o
    0x08000270   0x00000024   Code   RO         5631    .text               mc_w.l(memcpya.o)
    0x08000294   0x00000024   Code   RO         5633    .text               mc_w.l(memseta.o)
    0x080002b8   0x0000000e   Code   RO         5635    .text               mc_w.l(strlen.o)
    0x080002c6   0x0000001c   Code   RO         5637    .text               mc_w.l(strcmp.o)
    0x080002e2   0x00000012   Code   RO         5639    .text               mc_w.l(strcpy.o)
    0x080002f4   0x00000044   Code   RO         5641    .text               mc_w.l(strtok.o)
    0x08000338   0x0000001c   Code   RO         5938    .text               mc_w.l(calloc.o)
    0x08000354   0x0000014e   Code   RO         5940    .text               mf_w.l(dadd.o)
    0x080004a2   0x000000e4   Code   RO         5942    .text               mf_w.l(dmul.o)
    0x08000586   0x000000de   Code   RO         5944    .text               mf_w.l(ddiv.o)
    0x08000664   0x0000001a   Code   RO         5948    .text               mf_w.l(dfltui.o)
    0x0800067e   0x0000003e   Code   RO         5950    .text               mf_w.l(dfixi.o)
    0x080006bc   0x00000026   Code   RO         5952    .text               mf_w.l(f2d.o)
    0x080006e2   0x00000038   Code   RO         5954    .text               mf_w.l(d2f.o)
    0x0800071a   0x0000002c   Code   RO         5971    .text               mc_w.l(uidiv.o)
    0x08000746   0x00000062   Code   RO         5973    .text               mc_w.l(uldiv.o)
    0x080007a8   0x0000001e   Code   RO         5975    .text               mc_w.l(llshl.o)
    0x080007c6   0x00000020   Code   RO         5977    .text               mc_w.l(llushr.o)
    0x080007e6   0x00000024   Code   RO         5979    .text               mc_w.l(llsshr.o)
    0x0800080a   0x00000000   Code   RO         5990    .text               mc_w.l(iusefp.o)
    0x0800080a   0x0000006e   Code   RO         5991    .text               mf_w.l(fepilogue.o)
    0x08000878   0x000000ba   Code   RO         5993    .text               mf_w.l(depilogue.o)
    0x08000932   0x000000a2   Code   RO         5995    .text               mf_w.l(dsqrt.o)
    0x080009d4   0x00000030   Code   RO         5997    .text               mf_w.l(dfixul.o)
    0x08000a04   0x00000030   Code   RO         6001    .text               mf_w.l(cdrcmple.o)
    0x08000a34   0x00000024   Code   RO         6003    .text               mc_w.l(init.o)
    0x08000a58   0x00000056   Code   RO         6013    .text               mc_w.l(__dczerorl2.o)
    0x08000aae   0x00000004   Code   RO         4356    i.BusFault_Handler  stm32f4xx_it.o
    0x08000ab2   0x00000002   PAD
    0x08000ab4   0x00000010   Code   RO         4170    i.CUTBTN_LONG_PRESS_Handler  main.o
    0x08000ac4   0x00000010   Code   RO         4171    i.CUTBTN_PRESS_DOWN_Handler  main.o
    0x08000ad4   0x00000010   Code   RO         4172    i.CUTBTN_PRESS_UP_Handler  main.o
    0x08000ae4   0x00000014   Code   RO         4835    i.CertificateCom_Init  usecom.o
    0x08000af8   0x0000000c   Code   RO         4836    i.CertificateCom_RecMsgCallback  usecom.o
    0x08000b04   0x00000018   Code   RO         4837    i.CertificateCom_ReceiveMessage  usecom.o
    0x08000b1c   0x00000008   Code   RO         4838    i.CertificateCom_Scan  usecom.o
    0x08000b24   0x00000010   Code   RO         1139    i.CommandCallBackInit  commandcore.o
    0x08000b34   0x00000080   Code   RO         1140    i.CommandScan       commandcore.o
    0x08000bb4   0x0000002c   Code   RO         1302    i.Command_Copy      commandutil.o
    0x08000be0   0x00000044   Code   RO         4649    i.CreateNode        steplinkedlist.o
    0x08000c24   0x00000078   Code   RO            4    i.CutMachineSpecialHandle  runcutmachine.o
    0x08000c9c   0x00000018   Code   RO         4357    i.DMA1_Stream6_IRQHandler  stm32f4xx_it.o
    0x08000cb4   0x00000034   Code   RO         1725    i.DMA_CalcBaseAndBitshift  stm32f4xx_hal_dma.o
    0x08000ce8   0x000000aa   Code   RO         1726    i.DMA_CheckFifoParam  stm32f4xx_hal_dma.o
    0x08000d92   0x00000002   Code   RO         4358    i.DebugMon_Handler  stm32f4xx_it.o
    0x08000d94   0x00000124   Code   RO          625    i.ENCODER_TIMx_Init  bsp_encodertim.o
    0x08000eb8   0x00000028   Code   RO         1729    i.HAL_DMA_Abort_IT  stm32f4xx_hal_dma.o
    0x08000ee0   0x00000248   Code   RO         1733    i.HAL_DMA_IRQHandler  stm32f4xx_hal_dma.o
    0x08001128   0x000000ec   Code   RO         1734    i.HAL_DMA_Init      stm32f4xx_hal_dma.o
    0x08001214   0x00000200   Code   RO         2098    i.HAL_GPIO_Init     stm32f4xx_hal_gpio.o
    0x08001414   0x0000000c   Code   RO         2102    i.HAL_GPIO_WritePin  stm32f4xx_hal_gpio.o
    0x08001420   0x0000000c   Code   RO         1525    i.HAL_GetTick       stm32f4xx_hal.o
    0x0800142c   0x00000030   Code   RO         1528    i.HAL_Init          stm32f4xx_hal.o
    0x0800145c   0x00000028   Code   RO         1529    i.HAL_InitTick      stm32f4xx_hal.o
    0x08001484   0x00000002   Code   RO         4327    i.HAL_MspInit       stm32f4xx_hal_msp.o
    0x08001486   0x0000001a   Code   RO         1377    i.HAL_NVIC_EnableIRQ  stm32f4xx_hal_cortex.o
    0x080014a0   0x0000007c   Code   RO         1383    i.HAL_NVIC_SetPriority  stm32f4xx_hal_cortex.o
    0x0800151c   0x00000028   Code   RO         1384    i.HAL_NVIC_SetPriorityGrouping  stm32f4xx_hal_cortex.o
    0x08001544   0x000001d0   Code   RO         2162    i.HAL_RCC_ClockConfig  stm32f4xx_hal_rcc.o
    0x08001714   0x0000000c   Code   RO         2167    i.HAL_RCC_GetHCLKFreq  stm32f4xx_hal_rcc.o
    0x08001720   0x0000002c   Code   RO         2169    i.HAL_RCC_GetPCLK1Freq  stm32f4xx_hal_rcc.o
    0x0800174c   0x0000002c   Code   RO         2170    i.HAL_RCC_GetPCLK2Freq  stm32f4xx_hal_rcc.o
    0x08001778   0x000000b4   Code   RO         2171    i.HAL_RCC_GetSysClockFreq  stm32f4xx_hal_rcc.o
    0x0800182c   0x0000044c   Code   RO         2174    i.HAL_RCC_OscConfig  stm32f4xx_hal_rcc.o
    0x08001c78   0x00000028   Code   RO         1386    i.HAL_SYSTICK_CLKSourceConfig  stm32f4xx_hal_cortex.o
    0x08001ca0   0x00000034   Code   RO         1388    i.HAL_SYSTICK_Config  stm32f4xx_hal_cortex.o
    0x08001cd4   0x00000002   Code   RO         3312    i.HAL_TIMEx_BreakCallback  stm32f4xx_hal_tim_ex.o
    0x08001cd6   0x00000002   Code   RO         3313    i.HAL_TIMEx_CommutationCallback  stm32f4xx_hal_tim_ex.o
    0x08001cd8   0x0000007e   Code   RO         3314    i.HAL_TIMEx_ConfigBreakDeadTime  stm32f4xx_hal_tim_ex.o
    0x08001d56   0x00000060   Code   RO         3343    i.HAL_TIMEx_PWMN_Stop  stm32f4xx_hal_tim_ex.o
    0x08001db6   0x00000034   Code   RO         2673    i.HAL_TIM_Base_Init  stm32f4xx_hal_tim.o
    0x08001dea   0x00000002   PAD
    0x08001dec   0x00000060   Code   RO          921    i.HAL_TIM_Base_MspInit  bsp_stepmotor.o
    0x08001e4c   0x0000001e   Code   RO         2676    i.HAL_TIM_Base_Start  stm32f4xx_hal_tim.o
    0x08001e6a   0x00000132   Code   RO         2682    i.HAL_TIM_ConfigClockSource  stm32f4xx_hal_tim.o
    0x08001f9c   0x000000b4   Code   RO         2691    i.HAL_TIM_Encoder_Init  stm32f4xx_hal_tim.o
    0x08002050   0x00000110   Code   RO          627    i.HAL_TIM_Encoder_MspInit  bsp_encodertim.o
    0x08002160   0x0000004e   Code   RO         2694    i.HAL_TIM_Encoder_Start  stm32f4xx_hal_tim.o
    0x080021ae   0x00000002   Code   RO         2702    i.HAL_TIM_IC_CaptureCallback  stm32f4xx_hal_tim.o
    0x080021b0   0x00000196   Code   RO         2715    i.HAL_TIM_IRQHandler  stm32f4xx_hal_tim.o
    0x08002346   0x00000002   PAD
    0x08002348   0x00000594   Code   RO          922    i.HAL_TIM_OC_Callback  bsp_stepmotor.o
    0x080028dc   0x00000594   Code   RO          923    i.HAL_TIM_OC_Callback_TIM9  bsp_stepmotor.o
    0x08002e70   0x00000074   Code   RO         2716    i.HAL_TIM_OC_ConfigChannel  stm32f4xx_hal_tim.o
    0x08002ee4   0x00000002   Code   RO         2718    i.HAL_TIM_OC_DelayElapsedCallback  stm32f4xx_hal_tim.o
    0x08002ee6   0x00000002   PAD
    0x08002ee8   0x00000098   Code   RO         2725    i.HAL_TIM_OC_Start_IT  stm32f4xx_hal_tim.o
    0x08002f80   0x000000cc   Code   RO         2728    i.HAL_TIM_OC_Stop_IT  stm32f4xx_hal_tim.o
    0x0800304c   0x00000108   Code   RO         2739    i.HAL_TIM_PWM_ConfigChannel  stm32f4xx_hal_tim.o
    0x08003154   0x00000034   Code   RO         2742    i.HAL_TIM_PWM_Init  stm32f4xx_hal_tim.o
    0x08003188   0x00000050   Code   RO          534    i.HAL_TIM_PWM_MspInit  bsp_bdcmotor.o
    0x080031d8   0x00000002   Code   RO         2745    i.HAL_TIM_PWM_PulseFinishedCallback  stm32f4xx_hal_tim.o
    0x080031da   0x00000002   PAD
    0x080031dc   0x0000004c   Code   RO         2746    i.HAL_TIM_PWM_Start  stm32f4xx_hal_tim.o
    0x08003228   0x00000088   Code   RO         2749    i.HAL_TIM_PWM_Stop  stm32f4xx_hal_tim.o
    0x080032b0   0x0000006c   Code   RO          628    i.HAL_TIM_PeriodElapsedCallback  bsp_encodertim.o
    0x0800331c   0x00000002   Code   RO         2756    i.HAL_TIM_TriggerCallback  stm32f4xx_hal_tim.o
    0x0800331e   0x00000002   Code   RO         3572    i.HAL_UART_ErrorCallback  stm32f4xx_hal_uart.o
    0x08003320   0x0000014c   Code   RO         3575    i.HAL_UART_IRQHandler  stm32f4xx_hal_uart.o
    0x0800346c   0x00000072   Code   RO         3576    i.HAL_UART_Init     stm32f4xx_hal_uart.o
    0x080034de   0x00000002   PAD
    0x080034e0   0x000000a8   Code   RO         1029    i.HAL_UART_MspInit  bsp_usartx.o
    0x08003588   0x00000064   Code   RO         3581    i.HAL_UART_Receive_IT  stm32f4xx_hal_uart.o
    0x080035ec   0x00000024   Code   RO         4173    i.HAL_UART_RxCpltCallback  main.o
    0x08003610   0x000000d6   Code   RO         3584    i.HAL_UART_Transmit  stm32f4xx_hal_uart.o
    0x080036e6   0x00000002   Code   RO         3587    i.HAL_UART_TxCpltCallback  stm32f4xx_hal_uart.o
    0x080036e8   0x00000004   Code   RO         4359    i.HardFault_Handler  stm32f4xx_it.o
    0x080036ec   0x0000006c   Code   RO         4886    i.Init_PIDStruct    pid.o
    0x08003758   0x00000100   Code   RO          674    i.KEY_GPIO_Init     bsp_key.o
    0x08003858   0x00000024   Code   RO         1030    i.MX_NVIC_DMAx_Init  bsp_usartx.o
    0x0800387c   0x00000004   Code   RO         4360    i.MemManage_Handler  stm32f4xx_it.o
    0x08003880   0x00000002   Code   RO         4361    i.NMI_Handler       stm32f4xx_it.o
    0x08003882   0x00000002   PAD
    0x08003884   0x00000010   Code   RO         1390    i.NVIC_GetPriorityGrouping  stm32f4xx_hal_cortex.o
    0x08003894   0x00000028   Code   RO         1391    i.NVIC_SetPriority  stm32f4xx_hal_cortex.o
    0x080038bc   0x00000028   Code   RO         4957    i.OSInit            os_core.o
    0x080038e4   0x00000024   Code   RO         5515    i.OSInitHookBegin   os_cpu_c.o
    0x08003908   0x00000002   Code   RO         5516    i.OSInitHookEnd     os_cpu_c.o
    0x0800390a   0x00000002   PAD
    0x0800390c   0x00000024   Code   RO         4958    i.OSIntEnter        os_core.o
    0x08003930   0x00000090   Code   RO         4959    i.OSIntExit         os_core.o
    0x080039c0   0x0000004c   Code   RO         5324    i.OSSemCreate       os_sem.o
    0x08003a0c   0x00000048   Code   RO         4962    i.OSStart           os_core.o
    0x08003a54   0x0000004c   Code   RO         4963    i.OSStatInit        os_core.o
    0x08003aa0   0x00000002   Code   RO         5517    i.OSTCBInitHook     os_cpu_c.o
    0x08003aa2   0x00000002   PAD
    0x08003aa4   0x000000a0   Code   RO         5377    i.OSTaskCreate      os_task.o
    0x08003b44   0x000000b8   Code   RO         5378    i.OSTaskCreateExt   os_task.o
    0x08003bfc   0x00000002   Code   RO         5518    i.OSTaskCreateHook  os_cpu_c.o
    0x08003bfe   0x00000002   PAD
    0x08003c00   0x00000144   Code   RO         5379    i.OSTaskDel         os_task.o
    0x08003d44   0x00000002   Code   RO         5519    i.OSTaskDelHook     os_cpu_c.o
    0x08003d46   0x00000002   Code   RO         5520    i.OSTaskIdleHook    os_cpu_c.o
    0x08003d48   0x00000070   Code   RO         5382    i.OSTaskNameSet     os_task.o
    0x08003db8   0x00000002   Code   RO         5521    i.OSTaskReturnHook  os_cpu_c.o
    0x08003dba   0x00000002   Code   RO         5522    i.OSTaskStatHook    os_cpu_c.o
    0x08003dbc   0x00000088   Code   RO         5388    i.OSTaskStkChk      os_task.o
    0x08003e44   0x0000009c   Code   RO         5523    i.OSTaskStkInit     os_cpu_c.o
    0x08003ee0   0x000000a8   Code   RO         5389    i.OSTaskSuspend     os_task.o
    0x08003f88   0x00000002   Code   RO         5524    i.OSTaskSwHook      os_cpu_c.o
    0x08003f8a   0x00000002   PAD
    0x08003f8c   0x00000078   Code   RO         5473    i.OSTimeDly         os_time.o
    0x08004004   0x000000ec   Code   RO         4964    i.OSTimeTick        os_core.o
    0x080040f0   0x00000002   Code   RO         5525    i.OSTimeTickHook    os_cpu_c.o
    0x080040f2   0x00000002   PAD
    0x080040f4   0x00000028   Code   RO         5526    i.OS_CPU_SysTickHandler  os_cpu_c.o
    0x0800411c   0x00000064   Code   RO         4174    i.OS_CPU_SysTickInit  main.o
    0x08004180   0x00000002   Code   RO         4966    i.OS_Dummy          os_core.o
    0x08004182   0x0000002a   Code   RO         4968    i.OS_EventTaskRemove  os_core.o
    0x080041ac   0x0000001c   Code   RO         4970    i.OS_EventWaitListInit  os_core.o
    0x080041c8   0x00000054   Code   RO         4971    i.OS_InitEventList  os_core.o
    0x0800421c   0x0000005c   Code   RO         4972    i.OS_InitMisc       os_core.o
    0x08004278   0x00000044   Code   RO         4973    i.OS_InitRdyList    os_core.o
    0x080042bc   0x00000080   Code   RO         4974    i.OS_InitTCBList    os_core.o
    0x0800433c   0x00000050   Code   RO         4975    i.OS_InitTaskIdle   os_core.o
    0x0800438c   0x00000050   Code   RO         4976    i.OS_InitTaskStat   os_core.o
    0x080043dc   0x00000012   Code   RO         4977    i.OS_MemClr         os_core.o
    0x080043ee   0x00000002   PAD
    0x080043f0   0x00000050   Code   RO         5261    i.OS_QInit          os_q.o
    0x08004440   0x00000074   Code   RO         4979    i.OS_Sched          os_core.o
    0x080044b4   0x0000002c   Code   RO         4980    i.OS_SchedNew       os_core.o
    0x080044e0   0x00000138   Code   RO         4982    i.OS_TCBInit        os_core.o
    0x08004618   0x00000028   Code   RO         4983    i.OS_TaskIdle       os_core.o
    0x08004640   0x00000018   Code   RO         5390    i.OS_TaskReturn     os_task.o
    0x08004658   0x000000a0   Code   RO         4984    i.OS_TaskStat       os_core.o
    0x080046f8   0x0000003c   Code   RO         4985    i.OS_TaskStatStkChk  os_core.o
    0x08004734   0x0000001a   Code   RO         5391    i.OS_TaskStkClr     os_task.o
    0x0800474e   0x00000002   PAD
    0x08004750   0x0000002c   Code   RO         4175    i.PAPEREXITBTN_PRESS_DOWN_Handler  main.o
    0x0800477c   0x00000010   Code   RO         4176    i.PLASTICBBTN_PRESS_UP_Handler  main.o
    0x0800478c   0x00000010   Code   RO         4177    i.PLASTICBTN_LONG_PRESS_Handler  main.o
    0x0800479c   0x00000010   Code   RO         4178    i.PLASTICBTN_PRESS_DOWN_Handler  main.o
    0x080047ac   0x000000b0   Code   RO          924    i.PagingMachinePIDStep_GPIO_Init  bsp_stepmotor.o
    0x0800485c   0x0000032c   Code   RO          927    i.STEPMOTOR_CerAxisMoveRel  bsp_stepmotor.o
    0x08004b88   0x000002ec   Code   RO          928    i.STEPMOTOR_CerAxisMoveRel_CutTim9  bsp_stepmotor.o
    0x08004e74   0x00000124   Code   RO          929    i.STEPMOTOR_GPIO_Init  bsp_stepmotor.o
    0x08004f98   0x000000e4   Code   RO          932    i.STEPMOTOR_TIMx_Init  bsp_stepmotor.o
    0x0800507c   0x00000002   Code   RO         4362    i.SVC_Handler       stm32f4xx_it.o
    0x0800507e   0x00000002   PAD
    0x08005080   0x00000064   Code   RO         1032    i.StmCom_InScan     bsp_usartx.o
    0x080050e4   0x00000034   Code   RO         1033    i.StmCom_Init       bsp_usartx.o
    0x08005118   0x0000009c   Code   RO         1035    i.StmCom_ReceiveComData  bsp_usartx.o
    0x080051b4   0x00000008   Code   RO         1037    i.StmCom_ScanTask   bsp_usartx.o
    0x080051bc   0x00000034   Code   RO         1039    i.StmCom_SetRecDataCallBack  bsp_usartx.o
    0x080051f0   0x00000020   Code   RO            5    i.StopCutMem        runcutmachine.o
    0x08005210   0x000000a8   Code   RO         4179    i.SystemClock_Config  main.o
    0x080052b8   0x00000064   Code   RO         4462    i.SystemInit        system_stm32f4xx.o
    0x0800531c   0x00000044   Code   RO         4364    i.TIM1_BRK_TIM9_IRQHandler  stm32f4xx_it.o
    0x08005360   0x00000074   Code   RO         4365    i.TIM1_CC_IRQHandler  stm32f4xx_it.o
    0x080053d4   0x00000018   Code   RO         4366    i.TIM3_IRQHandler   stm32f4xx_it.o
    0x080053ec   0x00000018   Code   RO         4367    i.TIM5_IRQHandler   stm32f4xx_it.o
    0x08005404   0x000000e4   Code   RO         2757    i.TIM_Base_SetConfig  stm32f4xx_hal_tim.o
    0x080054e8   0x0000001c   Code   RO         2758    i.TIM_CCxChannelCmd  stm32f4xx_hal_tim.o
    0x08005504   0x0000001c   Code   RO         3348    i.TIM_CCxNChannelCmd  stm32f4xx_hal_tim_ex.o
    0x08005520   0x00000018   Code   RO         2764    i.TIM_ETR_SetConfig  stm32f4xx_hal_tim.o
    0x08005538   0x00000014   Code   RO         2765    i.TIM_ITRx_SetConfig  stm32f4xx_hal_tim.o
    0x0800554c   0x00000070   Code   RO         2766    i.TIM_OC1_SetConfig  stm32f4xx_hal_tim.o
    0x080055bc   0x00000078   Code   RO         2767    i.TIM_OC2_SetConfig  stm32f4xx_hal_tim.o
    0x08005634   0x00000078   Code   RO         2768    i.TIM_OC3_SetConfig  stm32f4xx_hal_tim.o
    0x080056ac   0x00000060   Code   RO         2769    i.TIM_OC4_SetConfig  stm32f4xx_hal_tim.o
    0x0800570c   0x0000002a   Code   RO         2771    i.TIM_TI1_ConfigInputStage  stm32f4xx_hal_tim.o
    0x08005736   0x0000002c   Code   RO         2773    i.TIM_TI2_ConfigInputStage  stm32f4xx_hal_tim.o
    0x08005762   0x00000014   Code   RO         3589    i.UART_DMAAbortOnError  stm32f4xx_hal_uart.o
    0x08005776   0x00000020   Code   RO         3599    i.UART_EndRxTransfer  stm32f4xx_hal_uart.o
    0x08005796   0x00000020   Code   RO         3600    i.UART_EndTransmit_IT  stm32f4xx_hal_uart.o
    0x080057b6   0x0000009a   Code   RO         3602    i.UART_Receive_IT   stm32f4xx_hal_uart.o
    0x08005850   0x00000368   Code   RO         3603    i.UART_SetConfig    stm32f4xx_hal_uart.o
    0x08005bb8   0x00000068   Code   RO         3604    i.UART_Transmit_IT  stm32f4xx_hal_uart.o
    0x08005c20   0x0000006c   Code   RO         3605    i.UART_WaitOnFlagUntilTimeout  stm32f4xx_hal_uart.o
    0x08005c8c   0x00000018   Code   RO         4368    i.USART2_IRQHandler  stm32f4xx_it.o
    0x08005ca4   0x000000a0   Code   RO         1040    i.USARTx_Init       bsp_usartx.o
    0x08005d44   0x00000004   Code   RO         4369    i.UsageFault_Handler  stm32f4xx_it.o
    0x08005d48   0x00000014   Code   RO         4180    i.WORKFINISH_PRESS_DOWN_Handler  main.o
    0x08005d5c   0x00000020   Code   RO         5882    i.__0printf         mc_w.l(printfa.o)
    0x08005d7c   0x0000007a   Code   RO         5616    i.__hardfp_sqrt     m_wm.l(sqrt.o)
    0x08005df6   0x0000000e   Code   RO         6007    i.__scatterload_copy  mc_w.l(handlers.o)
    0x08005e04   0x00000002   Code   RO         6008    i.__scatterload_null  mc_w.l(handlers.o)
    0x08005e06   0x0000000e   Code   RO         6009    i.__scatterload_zeroinit  mc_w.l(handlers.o)
    0x08005e14   0x0000000c   Code   RO         5985    i.__set_errno       mc_w.l(errno.o)
    0x08005e20   0x00000164   Code   RO         5889    i._fp_digits        mc_w.l(printfa.o)
    0x08005f84   0x000006dc   Code   RO         5890    i._printf_core      mc_w.l(printfa.o)
    0x08006660   0x00000024   Code   RO         5891    i._printf_post_padding  mc_w.l(printfa.o)
    0x08006684   0x0000002e   Code   RO         5892    i._printf_pre_padding  mc_w.l(printfa.o)
    0x080066b2   0x0000003c   Code   RO         1303    i.add_program       commandutil.o
    0x080066ee   0x00000002   PAD
    0x080066f0   0x00000060   Code   RO         4181    i.appTaskStart      main.o
    0x08006750   0x000000a0   Code   RO         1304    i.arg_cmd           commandutil.o
    0x080067f0   0x00000014   Code   RO         1305    i.arg_num           commandutil.o
    0x08006804   0x0000000a   Code   RO          675    i.button_attach     bsp_key.o
    0x0800680e   0x00000220   Code   RO          676    i.button_handler    bsp_key.o
    0x08006a2e   0x00000032   Code   RO          677    i.button_init       bsp_key.o
    0x08006a60   0x0000002c   Code   RO          678    i.button_start      bsp_key.o
    0x08006a8c   0x0000001c   Code   RO          680    i.button_ticks      bsp_key.o
    0x08006aa8   0x00000024   Code   RO          357    i.closePagingMachine  runpagingmachine.o
    0x08006acc   0x0000000c   Code   RO          358    i.closeRollerPaper  runpagingmachine.o
    0x08006ad8   0x000000bc   Code   RO         4182    i.comTask           main.o
    0x08006b94   0x00000084   Code   RO         1141    i.commandCutMachineSeq  commandcore.o
    0x08006c18   0x000000e0   Code   RO         1142    i.commandCutStep    commandcore.o
    0x08006cf8   0x000000d4   Code   RO         1143    i.commandFlotasmCutMotor  commandcore.o
    0x08006dcc   0x000000d8   Code   RO         1144    i.commandHobMotor   commandcore.o
    0x08006ea4   0x000000d8   Code   RO         1145    i.commandLeftChamferMotor  commandcore.o
    0x08006f7c   0x000000c4   Code   RO         1146    i.commandLeftHobMotor  commandcore.o
    0x08007040   0x000000c0   Code   RO         1147    i.commandMachineStep  commandcore.o
    0x08007100   0x0000002c   Code   RO         1148    i.commandPIDMotor   commandcore.o
    0x0800712c   0x000000d8   Code   RO         1149    i.commandPagingConveyerMotor  commandcore.o
    0x08007204   0x000000ec   Code   RO         1150    i.commandPagingSeq  commandcore.o
    0x080072f0   0x000000c8   Code   RO         1151    i.commandRightChamferMotor  commandcore.o
    0x080073b8   0x000000c4   Code   RO         1152    i.commandRightHobMotor  commandcore.o
    0x0800747c   0x000000d0   Code   RO         1153    i.commandStampACMotor  commandcore.o
    0x0800754c   0x00000068   Code   RO         1154    i.commandStampSeq   commandcore.o
    0x080075b4   0x00000034   Code   RO            6    i.continuousCutMem  runcutmachine.o
    0x080075e8   0x00000034   Code   RO          359    i.continuousPlasticMem  runpagingmachine.o
    0x0800761c   0x0000000c   Code   RO         4498    i.controlChamferMotor  motor.o
    0x08007628   0x00000034   Code   RO            7    i.controlCutMachine  runcutmachine.o
    0x0800765c   0x0000005c   Code   RO            8    i.controlCutMachineSpeed  runcutmachine.o
    0x080076b8   0x0000000c   Code   RO         4499    i.controlFlotasmCutMotor  motor.o
    0x080076c4   0x00000066   Code   RO         4500    i.controlHobMotor   motor.o
    0x0800772a   0x00000002   PAD
    0x0800772c   0x00000028   Code   RO         4888    i.controlPIDPagingMachineStep  pid.o
    0x08007754   0x00000066   Code   RO         4501    i.controlPagingConveyerMotor  motor.o
    0x080077ba   0x00000002   PAD
    0x080077bc   0x00000034   Code   RO          360    i.controlPagingMachine  runpagingmachine.o
    0x080077f0   0x00000006   Code   RO          361    i.controlPagingPaper  runpagingmachine.o
    0x080077f6   0x00000006   Code   RO          362    i.controlPagingPaperStepTwo  runpagingmachine.o
    0x080077fc   0x0000000c   Code   RO          363    i.controlRollerPaper  runpagingmachine.o
    0x08007808   0x00000006   Code   RO         4502    i.controlStampACMotor  motor.o
    0x0800780e   0x0000002c   Code   RO         1306    i.create_job        commandutil.o
    0x0800783a   0x0000005e   Code   RO         1307    i.create_program    commandutil.o
    0x08007898   0x00000100   Code   RO          933    i.cutMachineStep_TIM9_Init  bsp_stepmotor.o
    0x08007998   0x00000018   Code   RO         4183    i.cutTask           main.o
    0x080079b0   0x0000005e   Code   RO         1308    i.destroy_job       commandutil.o
    0x08007a0e   0x00000008   Code   RO         4654    i.end               steplinkedlist.o
    0x08007a16   0x00000002   PAD
    0x08007a18   0x0000001c   Code   RO         1042    i.fputc             bsp_usartx.o
    0x08007a34   0x00000050   Code   RO         5910    i.free              mc_w.l(malloc.o)
    0x08007a84   0x00000064   Code   RO          538    i.hobMotorIO        bsp_bdcmotor.o
    0x08007ae8   0x00000040   Code   RO         4785    i.initHC4053        max6675.o
    0x08007b28   0x000000a4   Code   RO         4786    i.initMax6675       max6675.o
    0x08007bcc   0x000000e0   Code   RO          539    i.initMotorIOPushOut  bsp_bdcmotor.o
    0x08007cac   0x000002ac   Code   RO          540    i.initMotorPWM      bsp_bdcmotor.o
    0x08007f58   0x0000000c   Code   RO         4787    i.initReadTemperature  max6675.o
    0x08007f64   0x000002e8   Code   RO          766    i.initSensorIO      bsp_sensor.o
    0x0800824c   0x00000164   Code   RO         4184    i.initializeHardWare  main.o
    0x080083b0   0x00000042   Code   RO         4656    i.insertList        steplinkedlist.o
    0x080083f2   0x00000002   PAD
    0x080083f4   0x00000040   Code   RO         4658    i.listInit          steplinkedlist.o
    0x08008434   0x00000034   Code   RO         4185    i.main              main.o
    0x08008468   0x0000006c   Code   RO         5911    i.malloc            mc_w.l(malloc.o)
    0x080084d4   0x0000002c   Code   RO            9    i.manualCutMem      runcutmachine.o
    0x08008500   0x0000002c   Code   RO          364    i.manualPlasticMem  runpagingmachine.o
    0x0800852c   0x00000064   Code   RO          542    i.pagingConveyerMotorIO  bsp_bdcmotor.o
    0x08008590   0x00000018   Code   RO         4186    i.pagingTask        main.o
    0x080085a8   0x000000a0   Code   RO         1309    i.parse_cmd         commandutil.o
    0x08008648   0x0000002e   Code   RO         4661    i.popFront          steplinkedlist.o
    0x08008676   0x0000002a   Code   RO         4662    i.pushBack          steplinkedlist.o
    0x080086a0   0x00000010   Code   RO          682    i.readCutButtonIO   bsp_key.o
    0x080086b0   0x00000006   Code   RO         4512    i.readFlotasmCutMotor  motor.o
    0x080086b6   0x00000006   Code   RO          365    i.readPagingPaper   runpagingmachine.o
    0x080086bc   0x00000010   Code   RO          683    i.readPaperExitButtonIO  bsp_key.o
    0x080086cc   0x00000010   Code   RO          684    i.readStampButtonIO  bsp_key.o
    0x080086dc   0x00000010   Code   RO          685    i.readWorkFinishButtonIO  bsp_key.o
    0x080086ec   0x00000064   Code   RO           11    i.runCutFlasmPostionSensor  runcutmachine.o
    0x08008750   0x00000300   Code   RO           12    i.runCutMachine     runcutmachine.o
    0x08008a50   0x00000160   Code   RO         4517    i.runFlotasmCutMotor  motor.o
    0x08008bb0   0x0000007c   Code   RO         4518    i.runHobMotor       motor.o
    0x08008c2c   0x0000007c   Code   RO         4519    i.runPagingConveyerMotor  motor.o
    0x08008ca8   0x00000200   Code   RO          367    i.runPagingMachine  runpagingmachine.o
    0x08008ea8   0x000000b0   Code   RO          368    i.runPagingPaper    runpagingmachine.o
    0x08008f58   0x00000288   Code   RO          369    i.runRollerPaper    runpagingmachine.o
    0x080091e0   0x00000010   Code   RO          769    i.sensorCutFlotasmPostion  bsp_sensor.o
    0x080091f0   0x00000010   Code   RO          770    i.sensorCutLeftFlotasm  bsp_sensor.o
    0x08009200   0x00000010   Code   RO          771    i.sensorCutMachineBehind  bsp_sensor.o
    0x08009210   0x00000010   Code   RO          772    i.sensorCutMachineFront  bsp_sensor.o
    0x08009220   0x00000010   Code   RO          773    i.sensorCutRightFlotasm  bsp_sensor.o
    0x08009230   0x00000014   Code   RO          775    i.sensorPagingFrictionOrigin  bsp_sensor.o
    0x08009244   0x00000010   Code   RO          777    i.sensorPagingFrictionOutFour  bsp_sensor.o
    0x08009254   0x00000010   Code   RO          778    i.sensorPagingFrictionOutOne  bsp_sensor.o
    0x08009264   0x00000010   Code   RO          779    i.sensorPagingFrictionOutThree  bsp_sensor.o
    0x08009274   0x00000010   Code   RO          780    i.sensorPagingFrictionOutTwo  bsp_sensor.o
    0x08009284   0x00000014   Code   RO          781    i.sensorPagingRollerOut  bsp_sensor.o
    0x08009298   0x0000003c   Code   RO         4666    i.showList          steplinkedlist.o
    0x080092d4   0x00000034   Code   RO          786    i.signalStability   bsp_sensor.o
    0x08009308   0x00000020   Code   RO          370    i.stopPlasticMem    runpagingmachine.o
    0x08009328   0x00000022   Code   RO         1156    i.stringint         commandcore.o
    0x0800934a   0x00000002   PAD
    0x0800934c   0x00000024   Code   RO         1157    i.text              commandcore.o
    0x08009370   0x000000a0   Data   RO          935    .constdata          bsp_stepmotor.o
    0x08009410   0x00000008   Data   RO         1740    .constdata          stm32f4xx_hal_dma.o
    0x08009418   0x00000018   Data   RO         4463    .constdata          system_stm32f4xx.o
    0x08009430   0x00000100   Data   RO         4987    .constdata          os_core.o
    0x08009530   0x00000020   Data   RO         6005    Region$$Table       anon$$obj.o


    Execution Region RW_IRAM1 (Base: 0x20000000, Size: 0x00005ab0, Max: 0x00020000, ABSOLUTE, COMPRESSED[0x000000f0])

    Base Addr    Size         Type   Attr      Idx    E Section Name        Object

    0x20000000   0x00000014   Data   RW           13    .data               runcutmachine.o
    0x20000014   0x00000010   Data   RW          371    .data               runpagingmachine.o
    0x20000024   0x00000002   Data   RW          546    .data               bsp_bdcmotor.o
    0x20000026   0x00000004   Data   RW          630    .data               bsp_encodertim.o
    0x2000002a   0x00000002   PAD
    0x2000002c   0x00000004   Data   RW          686    .data               bsp_key.o
    0x20000030   0x00000050   Data   RW          936    .data               bsp_stepmotor.o
    0x20000080   0x0000032c   Data   RW         1281    .data               commandlist.o
    0x200003ac   0x00000004   Data   RW         1534    .data               stm32f4xx_hal.o
    0x200003b0   0x0000009e   Data   RW         4149    .data               ram.o
    0x2000044e   0x00000002   PAD
    0x20000450   0x0000000d   Data   RW         4189    .data               main.o
    0x2000045d   0x00000003   PAD
    0x20000460   0x00000004   Data   RW         4464    .data               system_stm32f4xx.o
    0x20000464   0x00000004   Data   RW         4840    .data               usecom.o
    0x20000468   0x00000025   Data   RW         4894    .data               pid.o
    0x2000048d   0x00000003   PAD
    0x20000490   0x00000048   Data   RW         4988    .data               os_core.o
    0x200004d8   0x00000004   Data   RW         5528    .data               os_cpu_c.o
    0x200004dc   0x00000004   Data   RW         5642    .data               mc_w.l(strtok.o)
    0x200004e0   0x00000004   Data   RW         5970    .data               mc_w.l(stdout.o)
    0x200004e4   0x00000004   Data   RW         5981    .data               mc_w.l(mvars.o)
    0x200004e8   0x00000004   Data   RW         5982    .data               mc_w.l(mvars.o)
    0x200004ec   0x00000004   Data   RW         5986    .data               mc_w.l(errno.o)
    0x200004f0   0x00000078   Zero   RW          545    .bss                bsp_bdcmotor.o
    0x20000568   0x000000c0   Zero   RW          629    .bss                bsp_encodertim.o
    0x20000628   0x00000160   Zero   RW          934    .bss                bsp_stepmotor.o
    0x20000788   0x000001bc   Zero   RW         1043    .bss                bsp_usartx.o
    0x20000944   0x000001f4   Zero   RW         1310    .bss                commandutil.o
    0x20000b38   0x00000110   Zero   RW         4148    .bss                ram.o
    0x20000c48   0x00002c00   Zero   RW         4188    .bss                main.o
    0x20003848   0x00000028   Zero   RW         4893    .bss                pid.o
    0x20003870   0x0000083c   Zero   RW         4986    .bss                os_core.o
    0x200040ac   0x00000200   Zero   RW         5527    .bss                os_cpu_c.o
    0x200042ac   0x00000004   PAD
    0x200042b0   0x00000800   Zero   RW         1363    HEAP                startup_stm32f407xx.o
    0x20004ab0   0x00001000   Zero   RW         1362    STACK               startup_stm32f407xx.o


==============================================================================

Image component sizes


      Code (inc. data)   RO Data    RW Data    ZI Data      Debug   Object Name

      1188         74          0          2        120       5210   bsp_bdcmotor.o
       672         60          0          4        192       3387   bsp_encodertim.o
       996         58          0          4          0       7516   bsp_key.o
       980         88          0          0          0       9275   bsp_sensor.o
      5464        356        160         80        352      18517   bsp_stepmotor.o
       760         70          0          0        444       8970   bsp_usartx.o
      2806       1594          0          0          0      13275   commandcore.o
         0          0          0        812          0       1208   commandlist.o
       676         16          0          0        500       6626   commandutil.o
      1204        228          0         13      11264      39600   main.o
       240         18          0          0          0       2398   max6675.o
       840         34          0          0          0       6974   motor.o
      1958        370        256         72       2108      22737   os_core.o
       176         36          0          0          0        408   os_cpu_a.o
       250         22          0          4        512      15622   os_cpu_c.o
        80          8          0          0          0        687   os_q.o
        76          8          0          0          0        790   os_sem.o
      1134        114          0          0          0       7652   os_task.o
       120         20          0          0          0        744   os_time.o
       148         56          0         37         40       2573   pid.o
         0          0          0        158        272       1777   ram.o
      1260        266          0         20          0     692926   runcutmachine.o
      1594        198          0         16          0      18476   runpagingmachine.o
        36          8        392          0       6144        920   startup_stm32f407xx.o
       354         70          0          0          0       5346   steplinkedlist.o
       100         14          0          4          0       3657   stm32f4xx_hal.o
       338         22          0          0          0      31993   stm32f4xx_hal_cortex.o
      1082         20          8          0          0       4919   stm32f4xx_hal_dma.o
       524         46          0          0          0       2508   stm32f4xx_hal_gpio.o
         2          0          0          0          0        542   stm32f4xx_hal_msp.o
      1844         80          0          0          0       5952   stm32f4xx_hal_rcc.o
      2894        114          0          0          0      21803   stm32f4xx_hal_tim.o
       254          0          0          0          0       4188   stm32f4xx_hal_tim_ex.o
      2086         14          0          0          0      10743   stm32f4xx_hal_uart.o
       302         36          0          0          0       8049   stm32f4xx_it.o
       100         18         24          4          0       1375   system_stm32f4xx.o
        64         16          0          4          0       3128   usecom.o

    ----------------------------------------------------------------------
     32644       4152        872       1244      21952     992471   Object Totals
         0          0         32          0          0          0   (incl. Generated)
        42          0          0         10          4          0   (incl. Padding)

    ----------------------------------------------------------------------

      Code (inc. data)   RO Data    RW Data    ZI Data      Debug   Library Member Name

       122          0          0          0          0        148   sqrt.o
        86          0          0          0          0          0   __dczerorl2.o
        28          0          0          0          0         76   calloc.o
         0          0          0          0          0          0   entry.o
         0          0          0          0          0          0   entry10a.o
         0          0          0          0          0          0   entry11a.o
         8          4          0          0          0          0   entry2.o
         4          0          0          0          0          0   entry5.o
         0          0          0          0          0          0   entry7b.o
         0          0          0          0          0          0   entry8b.o
         8          4          0          0          0          0   entry9a.o
        12          6          0          4          0         68   errno.o
        30          0          0          0          0          0   handlers.o
        36          8          0          0          0         68   init.o
         0          0          0          0          0          0   iusefp.o
        30          0          0          0          0         68   llshl.o
        36          0          0          0          0         68   llsshr.o
        32          0          0          0          0         68   llushr.o
       188         20          0          0          0        160   malloc.o
        36          0          0          0          0         68   memcpya.o
        36          0          0          0          0        108   memseta.o
         0          0          0          8          0          0   mvars.o
      2226         90          0          0          0        444   printfa.o
         0          0          0          4          0          0   stdout.o
        28          0          0          0          0         76   strcmp.o
        18          0          0          0          0         68   strcpy.o
        14          0          0          0          0         68   strlen.o
        68          6          0          4          0         80   strtok.o
        44          0          0          0          0         80   uidiv.o
        98          0          0          0          0         92   uldiv.o
        48          0          0          0          0         68   cdrcmple.o
        56          0          0          0          0         88   d2f.o
       334          0          0          0          0        148   dadd.o
       222          0          0          0          0        100   ddiv.o
       186          0          0          0          0        176   depilogue.o
        62          0          0          0          0         80   dfixi.o
        48          0          0          0          0         68   dfixul.o
        26          0          0          0          0         76   dfltui.o
       228          0          0          0          0         96   dmul.o
       162          0          0          0          0        100   dsqrt.o
        38          0          0          0          0         68   f2d.o
       110          0          0          0          0        168   fepilogue.o

    ----------------------------------------------------------------------
      4708        138          0         20          0       3044   Library Totals
         0          0          0          0          0          0   (incl. Padding)

    ----------------------------------------------------------------------

      Code (inc. data)   RO Data    RW Data    ZI Data      Debug   Library Name

       122          0          0          0          0        148   m_wm.l
      3066        138          0         20          0       1660   mc_w.l
      1520          0          0          0          0       1236   mf_w.l

    ----------------------------------------------------------------------
      4708        138          0         20          0       3044   Library Totals

    ----------------------------------------------------------------------

==============================================================================


      Code (inc. data)   RO Data    RW Data    ZI Data      Debug   

     37352       4290        872       1264      21952     968239   Grand Totals
     37352       4290        872        240      21952     968239   ELF Image Totals (compressed)
     37352       4290        872        240          0          0   ROM Totals

==============================================================================

    Total RO  Size (Code + RO Data)                38224 (  37.33kB)
    Total RW  Size (RW Data + ZI Data)             23216 (  22.67kB)
    Total ROM Size (Code + RO Data + RW Data)      38464 (  37.56kB)

==============================================================================

